Dev_files/1_1_21_1 model model 21
Dev_files/1_1_21_2 model model attack/print/1/21
Dev_files/1_1_21_3 model model attack/print/2/21
Dev_files/1_1_21_4 model model attack/video_replay/1/21
Dev_files/1_1_21_5 model model attack/video_replay/2/21
Dev_files/1_1_22_1 model model 22
Dev_files/1_1_22_2 model model attack/print/1/22
Dev_files/1_1_22_3 model model attack/print/2/22
Dev_files/1_1_22_4 model model attack/video_replay/1/22
Dev_files/1_1_22_5 model model attack/video_replay/2/22
Dev_files/1_1_23_1 model model 23
Dev_files/1_1_23_2 model model attack/print/1/23
Dev_files/1_1_23_3 model model attack/print/2/23
Dev_files/1_1_23_4 model model attack/video_replay/1/23
Dev_files/1_1_23_5 model model attack/video_replay/2/23
Dev_files/1_1_24_1 model model 24
Dev_files/1_1_24_2 model model attack/print/1/24
Dev_files/1_1_24_3 model model attack/print/2/24
Dev_files/1_1_24_4 model model attack/video_replay/1/24
Dev_files/1_1_24_5 model model attack/video_replay/2/24
Dev_files/1_1_25_1 model model 25
Dev_files/1_1_25_2 model model attack/print/1/25
Dev_files/1_1_25_3 model model attack/print/2/25
Dev_files/1_1_25_4 model model attack/video_replay/1/25
Dev_files/1_1_25_5 model model attack/video_replay/2/25
Dev_files/1_1_26_1 model model 26
Dev_files/1_1_26_2 model model attack/print/1/26
Dev_files/1_1_26_3 model model attack/print/2/26
Dev_files/1_1_26_4 model model attack/video_replay/1/26
Dev_files/1_1_26_5 model model attack/video_replay/2/26
Dev_files/1_1_27_1 model model 27
Dev_files/1_1_27_2 model model attack/print/1/27
Dev_files/1_1_27_3 model model attack/print/2/27
Dev_files/1_1_27_4 model model attack/video_replay/1/27
Dev_files/1_1_27_5 model model attack/video_replay/2/27
Dev_files/1_1_28_1 model model 28
Dev_files/1_1_28_2 model model attack/print/1/28
Dev_files/1_1_28_3 model model attack/print/2/28
Dev_files/1_1_28_4 model model attack/video_replay/1/28
Dev_files/1_1_28_5 model model attack/video_replay/2/28
Dev_files/1_1_29_1 model model 29
Dev_files/1_1_29_2 model model attack/print/1/29
Dev_files/1_1_29_3 model model attack/print/2/29
Dev_files/1_1_29_4 model model attack/video_replay/1/29
Dev_files/1_1_29_5 model model attack/video_replay/2/29
Dev_files/1_1_30_1 model model 30
Dev_files/1_1_30_2 model model attack/print/1/30
Dev_files/1_1_30_3 model model attack/print/2/30
Dev_files/1_1_30_4 model model attack/video_replay/1/30
Dev_files/1_1_30_5 model model attack/video_replay/2/30
Dev_files/1_1_31_1 model model 31
Dev_files/1_1_31_2 model model attack/print/1/31
Dev_files/1_1_31_3 model model attack/print/2/31
Dev_files/1_1_31_4 model model attack/video_replay/1/31
Dev_files/1_1_31_5 model model attack/video_replay/2/31
Dev_files/1_1_32_1 model model 32
Dev_files/1_1_32_2 model model attack/print/1/32
Dev_files/1_1_32_3 model model attack/print/2/32
Dev_files/1_1_32_4 model model attack/video_replay/1/32
Dev_files/1_1_32_5 model model attack/video_replay/2/32
Dev_files/1_1_33_1 model model 33
Dev_files/1_1_33_2 model model attack/print/1/33
Dev_files/1_1_33_3 model model attack/print/2/33
Dev_files/1_1_33_4 model model attack/video_replay/1/33
Dev_files/1_1_33_5 model model attack/video_replay/2/33
Dev_files/1_1_34_1 model model 34
Dev_files/1_1_34_2 model model attack/print/1/34
Dev_files/1_1_34_3 model model attack/print/2/34
Dev_files/1_1_34_4 model model attack/video_replay/1/34
Dev_files/1_1_34_5 model model attack/video_replay/2/34
Dev_files/1_1_35_1 model model 35
Dev_files/1_1_35_2 model model attack/print/1/35
Dev_files/1_1_35_3 model model attack/print/2/35
Dev_files/1_1_35_4 model model attack/video_replay/1/35
Dev_files/1_1_35_5 model model attack/video_replay/2/35
Dev_files/1_2_21_1 model model 21
Dev_files/1_2_21_2 model model attack/print/1/21
Dev_files/1_2_21_3 model model attack/print/2/21
Dev_files/1_2_21_4 model model attack/video_replay/1/21
Dev_files/1_2_21_5 model model attack/video_replay/2/21
Dev_files/1_2_22_1 model model 22
Dev_files/1_2_22_2 model model attack/print/1/22
Dev_files/1_2_22_3 model model attack/print/2/22
Dev_files/1_2_22_4 model model attack/video_replay/1/22
Dev_files/1_2_22_5 model model attack/video_replay/2/22
Dev_files/1_2_23_1 model model 23
Dev_files/1_2_23_2 model model attack/print/1/23
Dev_files/1_2_23_3 model model attack/print/2/23
Dev_files/1_2_23_4 model model attack/video_replay/1/23
Dev_files/1_2_23_5 model model attack/video_replay/2/23
Dev_files/1_2_24_1 model model 24
Dev_files/1_2_24_2 model model attack/print/1/24
Dev_files/1_2_24_3 model model attack/print/2/24
Dev_files/1_2_24_4 model model attack/video_replay/1/24
Dev_files/1_2_24_5 model model attack/video_replay/2/24
Dev_files/1_2_25_1 model model 25
Dev_files/1_2_25_2 model model attack/print/1/25
Dev_files/1_2_25_3 model model attack/print/2/25
Dev_files/1_2_25_4 model model attack/video_replay/1/25
Dev_files/1_2_25_5 model model attack/video_replay/2/25
Dev_files/1_2_26_1 model model 26
Dev_files/1_2_26_2 model model attack/print/1/26
Dev_files/1_2_26_3 model model attack/print/2/26
Dev_files/1_2_26_4 model model attack/video_replay/1/26
Dev_files/1_2_26_5 model model attack/video_replay/2/26
Dev_files/1_2_27_1 model model 27
Dev_files/1_2_27_2 model model attack/print/1/27
Dev_files/1_2_27_3 model model attack/print/2/27
Dev_files/1_2_27_4 model model attack/video_replay/1/27
Dev_files/1_2_27_5 model model attack/video_replay/2/27
Dev_files/1_2_28_1 model model 28
Dev_files/1_2_28_2 model model attack/print/1/28
Dev_files/1_2_28_3 model model attack/print/2/28
Dev_files/1_2_28_4 model model attack/video_replay/1/28
Dev_files/1_2_28_5 model model attack/video_replay/2/28
Dev_files/1_2_29_1 model model 29
Dev_files/1_2_29_2 model model attack/print/1/29
Dev_files/1_2_29_3 model model attack/print/2/29
Dev_files/1_2_29_4 model model attack/video_replay/1/29
Dev_files/1_2_29_5 model model attack/video_replay/2/29
Dev_files/1_2_30_1 model model 30
Dev_files/1_2_30_2 model model attack/print/1/30
Dev_files/1_2_30_3 model model attack/print/2/30
Dev_files/1_2_30_4 model model attack/video_replay/1/30
Dev_files/1_2_30_5 model model attack/video_replay/2/30
Dev_files/1_2_31_1 model model 31
Dev_files/1_2_31_2 model model attack/print/1/31
Dev_files/1_2_31_3 model model attack/print/2/31
Dev_files/1_2_31_4 model model attack/video_replay/1/31
Dev_files/1_2_31_5 model model attack/video_replay/2/31
Dev_files/1_2_32_1 model model 32
Dev_files/1_2_32_2 model model attack/print/1/32
Dev_files/1_2_32_3 model model attack/print/2/32
Dev_files/1_2_32_4 model model attack/video_replay/1/32
Dev_files/1_2_32_5 model model attack/video_replay/2/32
Dev_files/1_2_33_1 model model 33
Dev_files/1_2_33_2 model model attack/print/1/33
Dev_files/1_2_33_3 model model attack/print/2/33
Dev_files/1_2_33_4 model model attack/video_replay/1/33
Dev_files/1_2_33_5 model model attack/video_replay/2/33
Dev_files/1_2_34_1 model model 34
Dev_files/1_2_34_2 model model attack/print/1/34
Dev_files/1_2_34_3 model model attack/print/2/34
Dev_files/1_2_34_4 model model attack/video_replay/1/34
Dev_files/1_2_34_5 model model attack/video_replay/2/34
Dev_files/1_2_35_1 model model 35
Dev_files/1_2_35_2 model model attack/print/1/35
Dev_files/1_2_35_3 model model attack/print/2/35
Dev_files/1_2_35_4 model model attack/video_replay/1/35
Dev_files/1_2_35_5 model model attack/video_replay/2/35
Dev_files/1_3_21_1 model model 21
Dev_files/1_3_21_2 model model attack/print/1/21
Dev_files/1_3_21_3 model model attack/print/2/21
Dev_files/1_3_21_4 model model attack/video_replay/1/21
Dev_files/1_3_21_5 model model attack/video_replay/2/21
Dev_files/1_3_22_1 model model 22
Dev_files/1_3_22_2 model model attack/print/1/22
Dev_files/1_3_22_3 model model attack/print/2/22
Dev_files/1_3_22_4 model model attack/video_replay/1/22
Dev_files/1_3_22_5 model model attack/video_replay/2/22
Dev_files/1_3_23_1 model model 23
Dev_files/1_3_23_2 model model attack/print/1/23
Dev_files/1_3_23_3 model model attack/print/2/23
Dev_files/1_3_23_4 model model attack/video_replay/1/23
Dev_files/1_3_23_5 model model attack/video_replay/2/23
Dev_files/1_3_24_1 model model 24
Dev_files/1_3_24_2 model model attack/print/1/24
Dev_files/1_3_24_3 model model attack/print/2/24
Dev_files/1_3_24_4 model model attack/video_replay/1/24
Dev_files/1_3_24_5 model model attack/video_replay/2/24
Dev_files/1_3_25_1 model model 25
Dev_files/1_3_25_2 model model attack/print/1/25
Dev_files/1_3_25_3 model model attack/print/2/25
Dev_files/1_3_25_4 model model attack/video_replay/1/25
Dev_files/1_3_25_5 model model attack/video_replay/2/25
Dev_files/1_3_26_1 model model 26
Dev_files/1_3_26_2 model model attack/print/1/26
Dev_files/1_3_26_3 model model attack/print/2/26
Dev_files/1_3_26_4 model model attack/video_replay/1/26
Dev_files/1_3_26_5 model model attack/video_replay/2/26
Dev_files/1_3_27_1 model model 27
Dev_files/1_3_27_2 model model attack/print/1/27
Dev_files/1_3_27_3 model model attack/print/2/27
Dev_files/1_3_27_4 model model attack/video_replay/1/27
Dev_files/1_3_27_5 model model attack/video_replay/2/27
Dev_files/1_3_28_1 model model 28
Dev_files/1_3_28_2 model model attack/print/1/28
Dev_files/1_3_28_3 model model attack/print/2/28
Dev_files/1_3_28_4 model model attack/video_replay/1/28
Dev_files/1_3_28_5 model model attack/video_replay/2/28
Dev_files/1_3_29_1 model model 29
Dev_files/1_3_29_2 model model attack/print/1/29
Dev_files/1_3_29_3 model model attack/print/2/29
Dev_files/1_3_29_4 model model attack/video_replay/1/29
Dev_files/1_3_29_5 model model attack/video_replay/2/29
Dev_files/1_3_30_1 model model 30
Dev_files/1_3_30_2 model model attack/print/1/30
Dev_files/1_3_30_3 model model attack/print/2/30
Dev_files/1_3_30_4 model model attack/video_replay/1/30
Dev_files/1_3_30_5 model model attack/video_replay/2/30
Dev_files/1_3_31_1 model model 31
Dev_files/1_3_31_2 model model attack/print/1/31
Dev_files/1_3_31_3 model model attack/print/2/31
Dev_files/1_3_31_4 model model attack/video_replay/1/31
Dev_files/1_3_31_5 model model attack/video_replay/2/31
Dev_files/1_3_32_1 model model 32
Dev_files/1_3_32_2 model model attack/print/1/32
Dev_files/1_3_32_3 model model attack/print/2/32
Dev_files/1_3_32_4 model model attack/video_replay/1/32
Dev_files/1_3_32_5 model model attack/video_replay/2/32
Dev_files/1_3_33_1 model model 33
Dev_files/1_3_33_2 model model attack/print/1/33
Dev_files/1_3_33_3 model model attack/print/2/33
Dev_files/1_3_33_4 model model attack/video_replay/1/33
Dev_files/1_3_33_5 model model attack/video_replay/2/33
Dev_files/1_3_34_1 model model 34
Dev_files/1_3_34_2 model model attack/print/1/34
Dev_files/1_3_34_3 model model attack/print/2/34
Dev_files/1_3_34_4 model model attack/video_replay/1/34
Dev_files/1_3_34_5 model model attack/video_replay/2/34
Dev_files/1_3_35_1 model model 35
Dev_files/1_3_35_2 model model attack/print/1/35
Dev_files/1_3_35_3 model model attack/print/2/35
Dev_files/1_3_35_4 model model attack/video_replay/1/35
Dev_files/1_3_35_5 model model attack/video_replay/2/35
Dev_files/3_1_21_1 model model 21
Dev_files/3_1_21_2 model model attack/print/1/21
Dev_files/3_1_21_3 model model attack/print/2/21
Dev_files/3_1_21_4 model model attack/video_replay/1/21
Dev_files/3_1_21_5 model model attack/video_replay/2/21
Dev_files/3_1_22_1 model model 22
Dev_files/3_1_22_2 model model attack/print/1/22
Dev_files/3_1_22_3 model model attack/print/2/22
Dev_files/3_1_22_4 model model attack/video_replay/1/22
Dev_files/3_1_22_5 model model attack/video_replay/2/22
Dev_files/3_1_23_1 model model 23
Dev_files/3_1_23_2 model model attack/print/1/23
Dev_files/3_1_23_3 model model attack/print/2/23
Dev_files/3_1_23_4 model model attack/video_replay/1/23
Dev_files/3_1_23_5 model model attack/video_replay/2/23
Dev_files/3_1_24_1 model model 24
Dev_files/3_1_24_2 model model attack/print/1/24
Dev_files/3_1_24_3 model model attack/print/2/24
Dev_files/3_1_24_4 model model attack/video_replay/1/24
Dev_files/3_1_24_5 model model attack/video_replay/2/24
Dev_files/3_1_25_1 model model 25
Dev_files/3_1_25_2 model model attack/print/1/25
Dev_files/3_1_25_3 model model attack/print/2/25
Dev_files/3_1_25_4 model model attack/video_replay/1/25
Dev_files/3_1_25_5 model model attack/video_replay/2/25
Dev_files/3_1_26_1 model model 26
Dev_files/3_1_26_2 model model attack/print/1/26
Dev_files/3_1_26_3 model model attack/print/2/26
Dev_files/3_1_26_4 model model attack/video_replay/1/26
Dev_files/3_1_26_5 model model attack/video_replay/2/26
Dev_files/3_1_27_1 model model 27
Dev_files/3_1_27_2 model model attack/print/1/27
Dev_files/3_1_27_3 model model attack/print/2/27
Dev_files/3_1_27_4 model model attack/video_replay/1/27
Dev_files/3_1_27_5 model model attack/video_replay/2/27
Dev_files/3_1_28_1 model model 28
Dev_files/3_1_28_2 model model attack/print/1/28
Dev_files/3_1_28_3 model model attack/print/2/28
Dev_files/3_1_28_4 model model attack/video_replay/1/28
Dev_files/3_1_28_5 model model attack/video_replay/2/28
Dev_files/3_1_29_1 model model 29
Dev_files/3_1_29_2 model model attack/print/1/29
Dev_files/3_1_29_3 model model attack/print/2/29
Dev_files/3_1_29_4 model model attack/video_replay/1/29
Dev_files/3_1_29_5 model model attack/video_replay/2/29
Dev_files/3_1_30_1 model model 30
Dev_files/3_1_30_2 model model attack/print/1/30
Dev_files/3_1_30_3 model model attack/print/2/30
Dev_files/3_1_30_4 model model attack/video_replay/1/30
Dev_files/3_1_30_5 model model attack/video_replay/2/30
Dev_files/3_1_31_1 model model 31
Dev_files/3_1_31_2 model model attack/print/1/31
Dev_files/3_1_31_3 model model attack/print/2/31
Dev_files/3_1_31_4 model model attack/video_replay/1/31
Dev_files/3_1_31_5 model model attack/video_replay/2/31
Dev_files/3_1_32_1 model model 32
Dev_files/3_1_32_2 model model attack/print/1/32
Dev_files/3_1_32_3 model model attack/print/2/32
Dev_files/3_1_32_4 model model attack/video_replay/1/32
Dev_files/3_1_32_5 model model attack/video_replay/2/32
Dev_files/3_1_33_1 model model 33
Dev_files/3_1_33_2 model model attack/print/1/33
Dev_files/3_1_33_3 model model attack/print/2/33
Dev_files/3_1_33_4 model model attack/video_replay/1/33
Dev_files/3_1_33_5 model model attack/video_replay/2/33
Dev_files/3_1_34_1 model model 34
Dev_files/3_1_34_2 model model attack/print/1/34
Dev_files/3_1_34_3 model model attack/print/2/34
Dev_files/3_1_34_4 model model attack/video_replay/1/34
Dev_files/3_1_34_5 model model attack/video_replay/2/34
Dev_files/3_1_35_1 model model 35
Dev_files/3_1_35_2 model model attack/print/1/35
Dev_files/3_1_35_3 model model attack/print/2/35
Dev_files/3_1_35_4 model model attack/video_replay/1/35
Dev_files/3_1_35_5 model model attack/video_replay/2/35
Dev_files/3_2_21_1 model model 21
Dev_files/3_2_21_2 model model attack/print/1/21
Dev_files/3_2_21_3 model model attack/print/2/21
Dev_files/3_2_21_4 model model attack/video_replay/1/21
Dev_files/3_2_21_5 model model attack/video_replay/2/21
Dev_files/3_2_22_1 model model 22
Dev_files/3_2_22_2 model model attack/print/1/22
Dev_files/3_2_22_3 model model attack/print/2/22
Dev_files/3_2_22_4 model model attack/video_replay/1/22
Dev_files/3_2_22_5 model model attack/video_replay/2/22
Dev_files/3_2_23_1 model model 23
Dev_files/3_2_23_2 model model attack/print/1/23
Dev_files/3_2_23_3 model model attack/print/2/23
Dev_files/3_2_23_4 model model attack/video_replay/1/23
Dev_files/3_2_23_5 model model attack/video_replay/2/23
Dev_files/3_2_24_1 model model 24
Dev_files/3_2_24_2 model model attack/print/1/24
Dev_files/3_2_24_3 model model attack/print/2/24
Dev_files/3_2_24_4 model model attack/video_replay/1/24
Dev_files/3_2_24_5 model model attack/video_replay/2/24
Dev_files/3_2_25_1 model model 25
Dev_files/3_2_25_2 model model attack/print/1/25
Dev_files/3_2_25_3 model model attack/print/2/25
Dev_files/3_2_25_4 model model attack/video_replay/1/25
Dev_files/3_2_25_5 model model attack/video_replay/2/25
Dev_files/3_2_26_1 model model 26
Dev_files/3_2_26_2 model model attack/print/1/26
Dev_files/3_2_26_3 model model attack/print/2/26
Dev_files/3_2_26_4 model model attack/video_replay/1/26
Dev_files/3_2_26_5 model model attack/video_replay/2/26
Dev_files/3_2_27_1 model model 27
Dev_files/3_2_27_2 model model attack/print/1/27
Dev_files/3_2_27_3 model model attack/print/2/27
Dev_files/3_2_27_4 model model attack/video_replay/1/27
Dev_files/3_2_27_5 model model attack/video_replay/2/27
Dev_files/3_2_28_1 model model 28
Dev_files/3_2_28_2 model model attack/print/1/28
Dev_files/3_2_28_3 model model attack/print/2/28
Dev_files/3_2_28_4 model model attack/video_replay/1/28
Dev_files/3_2_28_5 model model attack/video_replay/2/28
Dev_files/3_2_29_1 model model 29
Dev_files/3_2_29_2 model model attack/print/1/29
Dev_files/3_2_29_3 model model attack/print/2/29
Dev_files/3_2_29_4 model model attack/video_replay/1/29
Dev_files/3_2_29_5 model model attack/video_replay/2/29
Dev_files/3_2_30_1 model model 30
Dev_files/3_2_30_2 model model attack/print/1/30
Dev_files/3_2_30_3 model model attack/print/2/30
Dev_files/3_2_30_4 model model attack/video_replay/1/30
Dev_files/3_2_30_5 model model attack/video_replay/2/30
Dev_files/3_2_31_1 model model 31
Dev_files/3_2_31_2 model model attack/print/1/31
Dev_files/3_2_31_3 model model attack/print/2/31
Dev_files/3_2_31_4 model model attack/video_replay/1/31
Dev_files/3_2_31_5 model model attack/video_replay/2/31
Dev_files/3_2_32_1 model model 32
Dev_files/3_2_32_2 model model attack/print/1/32
Dev_files/3_2_32_3 model model attack/print/2/32
Dev_files/3_2_32_4 model model attack/video_replay/1/32
Dev_files/3_2_32_5 model model attack/video_replay/2/32
Dev_files/3_2_33_1 model model 33
Dev_files/3_2_33_2 model model attack/print/1/33
Dev_files/3_2_33_3 model model attack/print/2/33
Dev_files/3_2_33_4 model model attack/video_replay/1/33
Dev_files/3_2_33_5 model model attack/video_replay/2/33
Dev_files/3_2_34_1 model model 34
Dev_files/3_2_34_2 model model attack/print/1/34
Dev_files/3_2_34_3 model model attack/print/2/34
Dev_files/3_2_34_4 model model attack/video_replay/1/34
Dev_files/3_2_34_5 model model attack/video_replay/2/34
Dev_files/3_2_35_1 model model 35
Dev_files/3_2_35_2 model model attack/print/1/35
Dev_files/3_2_35_3 model model attack/print/2/35
Dev_files/3_2_35_4 model model attack/video_replay/1/35
Dev_files/3_2_35_5 model model attack/video_replay/2/35
Dev_files/3_3_21_1 model model 21
Dev_files/3_3_21_2 model model attack/print/1/21
Dev_files/3_3_21_3 model model attack/print/2/21
Dev_files/3_3_21_4 model model attack/video_replay/1/21
Dev_files/3_3_21_5 model model attack/video_replay/2/21
Dev_files/3_3_22_1 model model 22
Dev_files/3_3_22_2 model model attack/print/1/22
Dev_files/3_3_22_3 model model attack/print/2/22
Dev_files/3_3_22_4 model model attack/video_replay/1/22
Dev_files/3_3_22_5 model model attack/video_replay/2/22
Dev_files/3_3_23_1 model model 23
Dev_files/3_3_23_2 model model attack/print/1/23
Dev_files/3_3_23_3 model model attack/print/2/23
Dev_files/3_3_23_4 model model attack/video_replay/1/23
Dev_files/3_3_23_5 model model attack/video_replay/2/23
Dev_files/3_3_24_1 model model 24
Dev_files/3_3_24_2 model model attack/print/1/24
Dev_files/3_3_24_3 model model attack/print/2/24
Dev_files/3_3_24_4 model model attack/video_replay/1/24
Dev_files/3_3_24_5 model model attack/video_replay/2/24
Dev_files/3_3_25_1 model model 25
Dev_files/3_3_25_2 model model attack/print/1/25
Dev_files/3_3_25_3 model model attack/print/2/25
Dev_files/3_3_25_4 model model attack/video_replay/1/25
Dev_files/3_3_25_5 model model attack/video_replay/2/25
Dev_files/3_3_26_1 model model 26
Dev_files/3_3_26_2 model model attack/print/1/26
Dev_files/3_3_26_3 model model attack/print/2/26
Dev_files/3_3_26_4 model model attack/video_replay/1/26
Dev_files/3_3_26_5 model model attack/video_replay/2/26
Dev_files/3_3_27_1 model model 27
Dev_files/3_3_27_2 model model attack/print/1/27
Dev_files/3_3_27_3 model model attack/print/2/27
Dev_files/3_3_27_4 model model attack/video_replay/1/27
Dev_files/3_3_27_5 model model attack/video_replay/2/27
Dev_files/3_3_28_1 model model 28
Dev_files/3_3_28_2 model model attack/print/1/28
Dev_files/3_3_28_3 model model attack/print/2/28
Dev_files/3_3_28_4 model model attack/video_replay/1/28
Dev_files/3_3_28_5 model model attack/video_replay/2/28
Dev_files/3_3_29_1 model model 29
Dev_files/3_3_29_2 model model attack/print/1/29
Dev_files/3_3_29_3 model model attack/print/2/29
Dev_files/3_3_29_4 model model attack/video_replay/1/29
Dev_files/3_3_29_5 model model attack/video_replay/2/29
Dev_files/3_3_30_1 model model 30
Dev_files/3_3_30_2 model model attack/print/1/30
Dev_files/3_3_30_3 model model attack/print/2/30
Dev_files/3_3_30_4 model model attack/video_replay/1/30
Dev_files/3_3_30_5 model model attack/video_replay/2/30
Dev_files/3_3_31_1 model model 31
Dev_files/3_3_31_2 model model attack/print/1/31
Dev_files/3_3_31_3 model model attack/print/2/31
Dev_files/3_3_31_4 model model attack/video_replay/1/31
Dev_files/3_3_31_5 model model attack/video_replay/2/31
Dev_files/3_3_32_1 model model 32
Dev_files/3_3_32_2 model model attack/print/1/32
Dev_files/3_3_32_3 model model attack/print/2/32
Dev_files/3_3_32_4 model model attack/video_replay/1/32
Dev_files/3_3_32_5 model model attack/video_replay/2/32
Dev_files/3_3_33_1 model model 33
Dev_files/3_3_33_2 model model attack/print/1/33
Dev_files/3_3_33_3 model model attack/print/2/33
Dev_files/3_3_33_4 model model attack/video_replay/1/33
Dev_files/3_3_33_5 model model attack/video_replay/2/33
Dev_files/3_3_34_1 model model 34
Dev_files/3_3_34_2 model model attack/print/1/34
Dev_files/3_3_34_3 model model attack/print/2/34
Dev_files/3_3_34_4 model model attack/video_replay/1/34
Dev_files/3_3_34_5 model model attack/video_replay/2/34
Dev_files/3_3_35_1 model model 35
Dev_files/3_3_35_2 model model attack/print/1/35
Dev_files/3_3_35_3 model model attack/print/2/35
Dev_files/3_3_35_4 model model attack/video_replay/1/35
Dev_files/3_3_35_5 model model attack/video_replay/2/35
Dev_files/4_1_21_1 model model 21
Dev_files/4_1_21_2 model model attack/print/1/21
Dev_files/4_1_21_3 model model attack/print/2/21
Dev_files/4_1_21_4 model model attack/video_replay/1/21
Dev_files/4_1_21_5 model model attack/video_replay/2/21
Dev_files/4_1_22_1 model model 22
Dev_files/4_1_22_2 model model attack/print/1/22
Dev_files/4_1_22_3 model model attack/print/2/22
Dev_files/4_1_22_4 model model attack/video_replay/1/22
Dev_files/4_1_22_5 model model attack/video_replay/2/22
Dev_files/4_1_23_1 model model 23
Dev_files/4_1_23_2 model model attack/print/1/23
Dev_files/4_1_23_3 model model attack/print/2/23
Dev_files/4_1_23_4 model model attack/video_replay/1/23
Dev_files/4_1_23_5 model model attack/video_replay/2/23
Dev_files/4_1_24_1 model model 24
Dev_files/4_1_24_2 model model attack/print/1/24
Dev_files/4_1_24_3 model model attack/print/2/24
Dev_files/4_1_24_4 model model attack/video_replay/1/24
Dev_files/4_1_24_5 model model attack/video_replay/2/24
Dev_files/4_1_25_1 model model 25
Dev_files/4_1_25_2 model model attack/print/1/25
Dev_files/4_1_25_3 model model attack/print/2/25
Dev_files/4_1_25_4 model model attack/video_replay/1/25
Dev_files/4_1_25_5 model model attack/video_replay/2/25
Dev_files/4_1_26_1 model model 26
Dev_files/4_1_26_2 model model attack/print/1/26
Dev_files/4_1_26_3 model model attack/print/2/26
Dev_files/4_1_26_4 model model attack/video_replay/1/26
Dev_files/4_1_26_5 model model attack/video_replay/2/26
Dev_files/4_1_27_1 model model 27
Dev_files/4_1_27_2 model model attack/print/1/27
Dev_files/4_1_27_3 model model attack/print/2/27
Dev_files/4_1_27_4 model model attack/video_replay/1/27
Dev_files/4_1_27_5 model model attack/video_replay/2/27
Dev_files/4_1_28_1 model model 28
Dev_files/4_1_28_2 model model attack/print/1/28
Dev_files/4_1_28_3 model model attack/print/2/28
Dev_files/4_1_28_4 model model attack/video_replay/1/28
Dev_files/4_1_28_5 model model attack/video_replay/2/28
Dev_files/4_1_29_1 model model 29
Dev_files/4_1_29_2 model model attack/print/1/29
Dev_files/4_1_29_3 model model attack/print/2/29
Dev_files/4_1_29_4 model model attack/video_replay/1/29
Dev_files/4_1_29_5 model model attack/video_replay/2/29
Dev_files/4_1_30_1 model model 30
Dev_files/4_1_30_2 model model attack/print/1/30
Dev_files/4_1_30_3 model model attack/print/2/30
Dev_files/4_1_30_4 model model attack/video_replay/1/30
Dev_files/4_1_30_5 model model attack/video_replay/2/30
Dev_files/4_1_31_1 model model 31
Dev_files/4_1_31_2 model model attack/print/1/31
Dev_files/4_1_31_3 model model attack/print/2/31
Dev_files/4_1_31_4 model model attack/video_replay/1/31
Dev_files/4_1_31_5 model model attack/video_replay/2/31
Dev_files/4_1_32_1 model model 32
Dev_files/4_1_32_2 model model attack/print/1/32
Dev_files/4_1_32_3 model model attack/print/2/32
Dev_files/4_1_32_4 model model attack/video_replay/1/32
Dev_files/4_1_32_5 model model attack/video_replay/2/32
Dev_files/4_1_33_1 model model 33
Dev_files/4_1_33_2 model model attack/print/1/33
Dev_files/4_1_33_3 model model attack/print/2/33
Dev_files/4_1_33_4 model model attack/video_replay/1/33
Dev_files/4_1_33_5 model model attack/video_replay/2/33
Dev_files/4_1_34_1 model model 34
Dev_files/4_1_34_2 model model attack/print/1/34
Dev_files/4_1_34_3 model model attack/print/2/34
Dev_files/4_1_34_4 model model attack/video_replay/1/34
Dev_files/4_1_34_5 model model attack/video_replay/2/34
Dev_files/4_1_35_1 model model 35
Dev_files/4_1_35_2 model model attack/print/1/35
Dev_files/4_1_35_3 model model attack/print/2/35
Dev_files/4_1_35_4 model model attack/video_replay/1/35
Dev_files/4_1_35_5 model model attack/video_replay/2/35
Dev_files/4_2_21_1 model model 21
Dev_files/4_2_21_2 model model attack/print/1/21
Dev_files/4_2_21_3 model model attack/print/2/21
Dev_files/4_2_21_4 model model attack/video_replay/1/21
Dev_files/4_2_21_5 model model attack/video_replay/2/21
Dev_files/4_2_22_1 model model 22
Dev_files/4_2_22_2 model model attack/print/1/22
Dev_files/4_2_22_3 model model attack/print/2/22
Dev_files/4_2_22_4 model model attack/video_replay/1/22
Dev_files/4_2_22_5 model model attack/video_replay/2/22
Dev_files/4_2_23_1 model model 23
Dev_files/4_2_23_2 model model attack/print/1/23
Dev_files/4_2_23_3 model model attack/print/2/23
Dev_files/4_2_23_4 model model attack/video_replay/1/23
Dev_files/4_2_23_5 model model attack/video_replay/2/23
Dev_files/4_2_24_1 model model 24
Dev_files/4_2_24_2 model model attack/print/1/24
Dev_files/4_2_24_3 model model attack/print/2/24
Dev_files/4_2_24_4 model model attack/video_replay/1/24
Dev_files/4_2_24_5 model model attack/video_replay/2/24
Dev_files/4_2_25_1 model model 25
Dev_files/4_2_25_2 model model attack/print/1/25
Dev_files/4_2_25_3 model model attack/print/2/25
Dev_files/4_2_25_4 model model attack/video_replay/1/25
Dev_files/4_2_25_5 model model attack/video_replay/2/25
Dev_files/4_2_26_1 model model 26
Dev_files/4_2_26_2 model model attack/print/1/26
Dev_files/4_2_26_3 model model attack/print/2/26
Dev_files/4_2_26_4 model model attack/video_replay/1/26
Dev_files/4_2_26_5 model model attack/video_replay/2/26
Dev_files/4_2_27_1 model model 27
Dev_files/4_2_27_2 model model attack/print/1/27
Dev_files/4_2_27_3 model model attack/print/2/27
Dev_files/4_2_27_4 model model attack/video_replay/1/27
Dev_files/4_2_27_5 model model attack/video_replay/2/27
Dev_files/4_2_28_1 model model 28
Dev_files/4_2_28_2 model model attack/print/1/28
Dev_files/4_2_28_3 model model attack/print/2/28
Dev_files/4_2_28_4 model model attack/video_replay/1/28
Dev_files/4_2_28_5 model model attack/video_replay/2/28
Dev_files/4_2_29_1 model model 29
Dev_files/4_2_29_2 model model attack/print/1/29
Dev_files/4_2_29_3 model model attack/print/2/29
Dev_files/4_2_29_4 model model attack/video_replay/1/29
Dev_files/4_2_29_5 model model attack/video_replay/2/29
Dev_files/4_2_30_1 model model 30
Dev_files/4_2_30_2 model model attack/print/1/30
Dev_files/4_2_30_3 model model attack/print/2/30
Dev_files/4_2_30_4 model model attack/video_replay/1/30
Dev_files/4_2_30_5 model model attack/video_replay/2/30
Dev_files/4_2_31_1 model model 31
Dev_files/4_2_31_2 model model attack/print/1/31
Dev_files/4_2_31_3 model model attack/print/2/31
Dev_files/4_2_31_4 model model attack/video_replay/1/31
Dev_files/4_2_31_5 model model attack/video_replay/2/31
Dev_files/4_2_32_1 model model 32
Dev_files/4_2_32_2 model model attack/print/1/32
Dev_files/4_2_32_3 model model attack/print/2/32
Dev_files/4_2_32_4 model model attack/video_replay/1/32
Dev_files/4_2_32_5 model model attack/video_replay/2/32
Dev_files/4_2_33_1 model model 33
Dev_files/4_2_33_2 model model attack/print/1/33
Dev_files/4_2_33_3 model model attack/print/2/33
Dev_files/4_2_33_4 model model attack/video_replay/1/33
Dev_files/4_2_33_5 model model attack/video_replay/2/33
Dev_files/4_2_34_1 model model 34
Dev_files/4_2_34_2 model model attack/print/1/34
Dev_files/4_2_34_3 model model attack/print/2/34
Dev_files/4_2_34_4 model model attack/video_replay/1/34
Dev_files/4_2_34_5 model model attack/video_replay/2/34
Dev_files/4_2_35_1 model model 35
Dev_files/4_2_35_2 model model attack/print/1/35
Dev_files/4_2_35_3 model model attack/print/2/35
Dev_files/4_2_35_4 model model attack/video_replay/1/35
Dev_files/4_2_35_5 model model attack/video_replay/2/35
Dev_files/4_3_21_1 model model 21
Dev_files/4_3_21_2 model model attack/print/1/21
Dev_files/4_3_21_3 model model attack/print/2/21
Dev_files/4_3_21_4 model model attack/video_replay/1/21
Dev_files/4_3_21_5 model model attack/video_replay/2/21
Dev_files/4_3_22_1 model model 22
Dev_files/4_3_22_2 model model attack/print/1/22
Dev_files/4_3_22_3 model model attack/print/2/22
Dev_files/4_3_22_4 model model attack/video_replay/1/22
Dev_files/4_3_22_5 model model attack/video_replay/2/22
Dev_files/4_3_23_1 model model 23
Dev_files/4_3_23_2 model model attack/print/1/23
Dev_files/4_3_23_3 model model attack/print/2/23
Dev_files/4_3_23_4 model model attack/video_replay/1/23
Dev_files/4_3_23_5 model model attack/video_replay/2/23
Dev_files/4_3_24_1 model model 24
Dev_files/4_3_24_2 model model attack/print/1/24
Dev_files/4_3_24_3 model model attack/print/2/24
Dev_files/4_3_24_4 model model attack/video_replay/1/24
Dev_files/4_3_24_5 model model attack/video_replay/2/24
Dev_files/4_3_25_1 model model 25
Dev_files/4_3_25_2 model model attack/print/1/25
Dev_files/4_3_25_3 model model attack/print/2/25
Dev_files/4_3_25_4 model model attack/video_replay/1/25
Dev_files/4_3_25_5 model model attack/video_replay/2/25
Dev_files/4_3_26_1 model model 26
Dev_files/4_3_26_2 model model attack/print/1/26
Dev_files/4_3_26_3 model model attack/print/2/26
Dev_files/4_3_26_4 model model attack/video_replay/1/26
Dev_files/4_3_26_5 model model attack/video_replay/2/26
Dev_files/4_3_27_1 model model 27
Dev_files/4_3_27_2 model model attack/print/1/27
Dev_files/4_3_27_3 model model attack/print/2/27
Dev_files/4_3_27_4 model model attack/video_replay/1/27
Dev_files/4_3_27_5 model model attack/video_replay/2/27
Dev_files/4_3_28_1 model model 28
Dev_files/4_3_28_2 model model attack/print/1/28
Dev_files/4_3_28_3 model model attack/print/2/28
Dev_files/4_3_28_4 model model attack/video_replay/1/28
Dev_files/4_3_28_5 model model attack/video_replay/2/28
Dev_files/4_3_29_1 model model 29
Dev_files/4_3_29_2 model model attack/print/1/29
Dev_files/4_3_29_3 model model attack/print/2/29
Dev_files/4_3_29_4 model model attack/video_replay/1/29
Dev_files/4_3_29_5 model model attack/video_replay/2/29
Dev_files/4_3_30_1 model model 30
Dev_files/4_3_30_2 model model attack/print/1/30
Dev_files/4_3_30_3 model model attack/print/2/30
Dev_files/4_3_30_4 model model attack/video_replay/1/30
Dev_files/4_3_30_5 model model attack/video_replay/2/30
Dev_files/4_3_31_1 model model 31
Dev_files/4_3_31_2 model model attack/print/1/31
Dev_files/4_3_31_3 model model attack/print/2/31
Dev_files/4_3_31_4 model model attack/video_replay/1/31
Dev_files/4_3_31_5 model model attack/video_replay/2/31
Dev_files/4_3_32_1 model model 32
Dev_files/4_3_32_2 model model attack/print/1/32
Dev_files/4_3_32_3 model model attack/print/2/32
Dev_files/4_3_32_4 model model attack/video_replay/1/32
Dev_files/4_3_32_5 model model attack/video_replay/2/32
Dev_files/4_3_33_1 model model 33
Dev_files/4_3_33_2 model model attack/print/1/33
Dev_files/4_3_33_3 model model attack/print/2/33
Dev_files/4_3_33_4 model model attack/video_replay/1/33
Dev_files/4_3_33_5 model model attack/video_replay/2/33
Dev_files/4_3_34_1 model model 34
Dev_files/4_3_34_2 model model attack/print/1/34
Dev_files/4_3_34_3 model model attack/print/2/34
Dev_files/4_3_34_4 model model attack/video_replay/1/34
Dev_files/4_3_34_5 model model attack/video_replay/2/34
Dev_files/4_3_35_1 model model 35
Dev_files/4_3_35_2 model model attack/print/1/35
Dev_files/4_3_35_3 model model attack/print/2/35
Dev_files/4_3_35_4 model model attack/video_replay/1/35
Dev_files/4_3_35_5 model model attack/video_replay/2/35
Dev_files/5_1_21_1 model model 21
Dev_files/5_1_21_2 model model attack/print/1/21
Dev_files/5_1_21_3 model model attack/print/2/21
Dev_files/5_1_21_4 model model attack/video_replay/1/21
Dev_files/5_1_21_5 model model attack/video_replay/2/21
Dev_files/5_1_22_1 model model 22
Dev_files/5_1_22_2 model model attack/print/1/22
Dev_files/5_1_22_3 model model attack/print/2/22
Dev_files/5_1_22_4 model model attack/video_replay/1/22
Dev_files/5_1_22_5 model model attack/video_replay/2/22
Dev_files/5_1_23_1 model model 23
Dev_files/5_1_23_2 model model attack/print/1/23
Dev_files/5_1_23_3 model model attack/print/2/23
Dev_files/5_1_23_4 model model attack/video_replay/1/23
Dev_files/5_1_23_5 model model attack/video_replay/2/23
Dev_files/5_1_24_1 model model 24
Dev_files/5_1_24_2 model model attack/print/1/24
Dev_files/5_1_24_3 model model attack/print/2/24
Dev_files/5_1_24_4 model model attack/video_replay/1/24
Dev_files/5_1_24_5 model model attack/video_replay/2/24
Dev_files/5_1_25_1 model model 25
Dev_files/5_1_25_2 model model attack/print/1/25
Dev_files/5_1_25_3 model model attack/print/2/25
Dev_files/5_1_25_4 model model attack/video_replay/1/25
Dev_files/5_1_25_5 model model attack/video_replay/2/25
Dev_files/5_1_26_1 model model 26
Dev_files/5_1_26_2 model model attack/print/1/26
Dev_files/5_1_26_3 model model attack/print/2/26
Dev_files/5_1_26_4 model model attack/video_replay/1/26
Dev_files/5_1_26_5 model model attack/video_replay/2/26
Dev_files/5_1_27_1 model model 27
Dev_files/5_1_27_2 model model attack/print/1/27
Dev_files/5_1_27_3 model model attack/print/2/27
Dev_files/5_1_27_4 model model attack/video_replay/1/27
Dev_files/5_1_27_5 model model attack/video_replay/2/27
Dev_files/5_1_28_1 model model 28
Dev_files/5_1_28_2 model model attack/print/1/28
Dev_files/5_1_28_3 model model attack/print/2/28
Dev_files/5_1_28_4 model model attack/video_replay/1/28
Dev_files/5_1_28_5 model model attack/video_replay/2/28
Dev_files/5_1_29_1 model model 29
Dev_files/5_1_29_2 model model attack/print/1/29
Dev_files/5_1_29_3 model model attack/print/2/29
Dev_files/5_1_29_4 model model attack/video_replay/1/29
Dev_files/5_1_29_5 model model attack/video_replay/2/29
Dev_files/5_1_30_1 model model 30
Dev_files/5_1_30_2 model model attack/print/1/30
Dev_files/5_1_30_3 model model attack/print/2/30
Dev_files/5_1_30_4 model model attack/video_replay/1/30
Dev_files/5_1_30_5 model model attack/video_replay/2/30
Dev_files/5_1_31_1 model model 31
Dev_files/5_1_31_2 model model attack/print/1/31
Dev_files/5_1_31_3 model model attack/print/2/31
Dev_files/5_1_31_4 model model attack/video_replay/1/31
Dev_files/5_1_31_5 model model attack/video_replay/2/31
Dev_files/5_1_32_1 model model 32
Dev_files/5_1_32_2 model model attack/print/1/32
Dev_files/5_1_32_3 model model attack/print/2/32
Dev_files/5_1_32_4 model model attack/video_replay/1/32
Dev_files/5_1_32_5 model model attack/video_replay/2/32
Dev_files/5_1_33_1 model model 33
Dev_files/5_1_33_2 model model attack/print/1/33
Dev_files/5_1_33_3 model model attack/print/2/33
Dev_files/5_1_33_4 model model attack/video_replay/1/33
Dev_files/5_1_33_5 model model attack/video_replay/2/33
Dev_files/5_1_34_1 model model 34
Dev_files/5_1_34_2 model model attack/print/1/34
Dev_files/5_1_34_3 model model attack/print/2/34
Dev_files/5_1_34_4 model model attack/video_replay/1/34
Dev_files/5_1_34_5 model model attack/video_replay/2/34
Dev_files/5_1_35_1 model model 35
Dev_files/5_1_35_2 model model attack/print/1/35
Dev_files/5_1_35_3 model model attack/print/2/35
Dev_files/5_1_35_4 model model attack/video_replay/1/35
Dev_files/5_1_35_5 model model attack/video_replay/2/35
Dev_files/5_2_21_1 model model 21
Dev_files/5_2_21_2 model model attack/print/1/21
Dev_files/5_2_21_3 model model attack/print/2/21
Dev_files/5_2_21_4 model model attack/video_replay/1/21
Dev_files/5_2_21_5 model model attack/video_replay/2/21
Dev_files/5_2_22_1 model model 22
Dev_files/5_2_22_2 model model attack/print/1/22
Dev_files/5_2_22_3 model model attack/print/2/22
Dev_files/5_2_22_4 model model attack/video_replay/1/22
Dev_files/5_2_22_5 model model attack/video_replay/2/22
Dev_files/5_2_23_1 model model 23
Dev_files/5_2_23_2 model model attack/print/1/23
Dev_files/5_2_23_3 model model attack/print/2/23
Dev_files/5_2_23_4 model model attack/video_replay/1/23
Dev_files/5_2_23_5 model model attack/video_replay/2/23
Dev_files/5_2_24_1 model model 24
Dev_files/5_2_24_2 model model attack/print/1/24
Dev_files/5_2_24_3 model model attack/print/2/24
Dev_files/5_2_24_4 model model attack/video_replay/1/24
Dev_files/5_2_24_5 model model attack/video_replay/2/24
Dev_files/5_2_25_1 model model 25
Dev_files/5_2_25_2 model model attack/print/1/25
Dev_files/5_2_25_3 model model attack/print/2/25
Dev_files/5_2_25_4 model model attack/video_replay/1/25
Dev_files/5_2_25_5 model model attack/video_replay/2/25
Dev_files/5_2_26_1 model model 26
Dev_files/5_2_26_2 model model attack/print/1/26
Dev_files/5_2_26_3 model model attack/print/2/26
Dev_files/5_2_26_4 model model attack/video_replay/1/26
Dev_files/5_2_26_5 model model attack/video_replay/2/26
Dev_files/5_2_27_1 model model 27
Dev_files/5_2_27_2 model model attack/print/1/27
Dev_files/5_2_27_3 model model attack/print/2/27
Dev_files/5_2_27_4 model model attack/video_replay/1/27
Dev_files/5_2_27_5 model model attack/video_replay/2/27
Dev_files/5_2_28_1 model model 28
Dev_files/5_2_28_2 model model attack/print/1/28
Dev_files/5_2_28_3 model model attack/print/2/28
Dev_files/5_2_28_4 model model attack/video_replay/1/28
Dev_files/5_2_28_5 model model attack/video_replay/2/28
Dev_files/5_2_29_1 model model 29
Dev_files/5_2_29_2 model model attack/print/1/29
Dev_files/5_2_29_3 model model attack/print/2/29
Dev_files/5_2_29_4 model model attack/video_replay/1/29
Dev_files/5_2_29_5 model model attack/video_replay/2/29
Dev_files/5_2_30_1 model model 30
Dev_files/5_2_30_2 model model attack/print/1/30
Dev_files/5_2_30_3 model model attack/print/2/30
Dev_files/5_2_30_4 model model attack/video_replay/1/30
Dev_files/5_2_30_5 model model attack/video_replay/2/30
Dev_files/5_2_31_1 model model 31
Dev_files/5_2_31_2 model model attack/print/1/31
Dev_files/5_2_31_3 model model attack/print/2/31
Dev_files/5_2_31_4 model model attack/video_replay/1/31
Dev_files/5_2_31_5 model model attack/video_replay/2/31
Dev_files/5_2_32_1 model model 32
Dev_files/5_2_32_2 model model attack/print/1/32
Dev_files/5_2_32_3 model model attack/print/2/32
Dev_files/5_2_32_4 model model attack/video_replay/1/32
Dev_files/5_2_32_5 model model attack/video_replay/2/32
Dev_files/5_2_33_1 model model 33
Dev_files/5_2_33_2 model model attack/print/1/33
Dev_files/5_2_33_3 model model attack/print/2/33
Dev_files/5_2_33_4 model model attack/video_replay/1/33
Dev_files/5_2_33_5 model model attack/video_replay/2/33
Dev_files/5_2_34_1 model model 34
Dev_files/5_2_34_2 model model attack/print/1/34
Dev_files/5_2_34_3 model model attack/print/2/34
Dev_files/5_2_34_4 model model attack/video_replay/1/34
Dev_files/5_2_34_5 model model attack/video_replay/2/34
Dev_files/5_2_35_1 model model 35
Dev_files/5_2_35_2 model model attack/print/1/35
Dev_files/5_2_35_3 model model attack/print/2/35
Dev_files/5_2_35_4 model model attack/video_replay/1/35
Dev_files/5_2_35_5 model model attack/video_replay/2/35
Dev_files/5_3_21_1 model model 21
Dev_files/5_3_21_2 model model attack/print/1/21
Dev_files/5_3_21_3 model model attack/print/2/21
Dev_files/5_3_21_4 model model attack/video_replay/1/21
Dev_files/5_3_21_5 model model attack/video_replay/2/21
Dev_files/5_3_22_1 model model 22
Dev_files/5_3_22_2 model model attack/print/1/22
Dev_files/5_3_22_3 model model attack/print/2/22
Dev_files/5_3_22_4 model model attack/video_replay/1/22
Dev_files/5_3_22_5 model model attack/video_replay/2/22
Dev_files/5_3_23_1 model model 23
Dev_files/5_3_23_2 model model attack/print/1/23
Dev_files/5_3_23_3 model model attack/print/2/23
Dev_files/5_3_23_4 model model attack/video_replay/1/23
Dev_files/5_3_23_5 model model attack/video_replay/2/23
Dev_files/5_3_24_1 model model 24
Dev_files/5_3_24_2 model model attack/print/1/24
Dev_files/5_3_24_3 model model attack/print/2/24
Dev_files/5_3_24_4 model model attack/video_replay/1/24
Dev_files/5_3_24_5 model model attack/video_replay/2/24
Dev_files/5_3_25_1 model model 25
Dev_files/5_3_25_2 model model attack/print/1/25
Dev_files/5_3_25_3 model model attack/print/2/25
Dev_files/5_3_25_4 model model attack/video_replay/1/25
Dev_files/5_3_25_5 model model attack/video_replay/2/25
Dev_files/5_3_26_1 model model 26
Dev_files/5_3_26_2 model model attack/print/1/26
Dev_files/5_3_26_3 model model attack/print/2/26
Dev_files/5_3_26_4 model model attack/video_replay/1/26
Dev_files/5_3_26_5 model model attack/video_replay/2/26
Dev_files/5_3_27_1 model model 27
Dev_files/5_3_27_2 model model attack/print/1/27
Dev_files/5_3_27_3 model model attack/print/2/27
Dev_files/5_3_27_4 model model attack/video_replay/1/27
Dev_files/5_3_27_5 model model attack/video_replay/2/27
Dev_files/5_3_28_1 model model 28
Dev_files/5_3_28_2 model model attack/print/1/28
Dev_files/5_3_28_3 model model attack/print/2/28
Dev_files/5_3_28_4 model model attack/video_replay/1/28
Dev_files/5_3_28_5 model model attack/video_replay/2/28
Dev_files/5_3_29_1 model model 29
Dev_files/5_3_29_2 model model attack/print/1/29
Dev_files/5_3_29_3 model model attack/print/2/29
Dev_files/5_3_29_4 model model attack/video_replay/1/29
Dev_files/5_3_29_5 model model attack/video_replay/2/29
Dev_files/5_3_30_1 model model 30
Dev_files/5_3_30_2 model model attack/print/1/30
Dev_files/5_3_30_3 model model attack/print/2/30
Dev_files/5_3_30_4 model model attack/video_replay/1/30
Dev_files/5_3_30_5 model model attack/video_replay/2/30
Dev_files/5_3_31_1 model model 31
Dev_files/5_3_31_2 model model attack/print/1/31
Dev_files/5_3_31_3 model model attack/print/2/31
Dev_files/5_3_31_4 model model attack/video_replay/1/31
Dev_files/5_3_31_5 model model attack/video_replay/2/31
Dev_files/5_3_32_1 model model 32
Dev_files/5_3_32_2 model model attack/print/1/32
Dev_files/5_3_32_3 model model attack/print/2/32
Dev_files/5_3_32_4 model model attack/video_replay/1/32
Dev_files/5_3_32_5 model model attack/video_replay/2/32
Dev_files/5_3_33_1 model model 33
Dev_files/5_3_33_2 model model attack/print/1/33
Dev_files/5_3_33_3 model model attack/print/2/33
Dev_files/5_3_33_4 model model attack/video_replay/1/33
Dev_files/5_3_33_5 model model attack/video_replay/2/33
Dev_files/5_3_34_1 model model 34
Dev_files/5_3_34_2 model model attack/print/1/34
Dev_files/5_3_34_3 model model attack/print/2/34
Dev_files/5_3_34_4 model model attack/video_replay/1/34
Dev_files/5_3_34_5 model model attack/video_replay/2/34
Dev_files/5_3_35_1 model model 35
Dev_files/5_3_35_2 model model attack/print/1/35
Dev_files/5_3_35_3 model model attack/print/2/35
Dev_files/5_3_35_4 model model attack/video_replay/1/35
Dev_files/5_3_35_5 model model attack/video_replay/2/35
Dev_files/6_1_21_1 model model 21
Dev_files/6_1_21_2 model model attack/print/1/21
Dev_files/6_1_21_3 model model attack/print/2/21
Dev_files/6_1_21_4 model model attack/video_replay/1/21
Dev_files/6_1_21_5 model model attack/video_replay/2/21
Dev_files/6_1_22_1 model model 22
Dev_files/6_1_22_2 model model attack/print/1/22
Dev_files/6_1_22_3 model model attack/print/2/22
Dev_files/6_1_22_4 model model attack/video_replay/1/22
Dev_files/6_1_22_5 model model attack/video_replay/2/22
Dev_files/6_1_23_1 model model 23
Dev_files/6_1_23_2 model model attack/print/1/23
Dev_files/6_1_23_3 model model attack/print/2/23
Dev_files/6_1_23_4 model model attack/video_replay/1/23
Dev_files/6_1_23_5 model model attack/video_replay/2/23
Dev_files/6_1_24_1 model model 24
Dev_files/6_1_24_2 model model attack/print/1/24
Dev_files/6_1_24_3 model model attack/print/2/24
Dev_files/6_1_24_4 model model attack/video_replay/1/24
Dev_files/6_1_24_5 model model attack/video_replay/2/24
Dev_files/6_1_25_1 model model 25
Dev_files/6_1_25_2 model model attack/print/1/25
Dev_files/6_1_25_3 model model attack/print/2/25
Dev_files/6_1_25_4 model model attack/video_replay/1/25
Dev_files/6_1_25_5 model model attack/video_replay/2/25
Dev_files/6_1_26_1 model model 26
Dev_files/6_1_26_2 model model attack/print/1/26
Dev_files/6_1_26_3 model model attack/print/2/26
Dev_files/6_1_26_4 model model attack/video_replay/1/26
Dev_files/6_1_26_5 model model attack/video_replay/2/26
Dev_files/6_1_27_1 model model 27
Dev_files/6_1_27_2 model model attack/print/1/27
Dev_files/6_1_27_3 model model attack/print/2/27
Dev_files/6_1_27_4 model model attack/video_replay/1/27
Dev_files/6_1_27_5 model model attack/video_replay/2/27
Dev_files/6_1_28_1 model model 28
Dev_files/6_1_28_2 model model attack/print/1/28
Dev_files/6_1_28_3 model model attack/print/2/28
Dev_files/6_1_28_4 model model attack/video_replay/1/28
Dev_files/6_1_28_5 model model attack/video_replay/2/28
Dev_files/6_1_29_1 model model 29
Dev_files/6_1_29_2 model model attack/print/1/29
Dev_files/6_1_29_3 model model attack/print/2/29
Dev_files/6_1_29_4 model model attack/video_replay/1/29
Dev_files/6_1_29_5 model model attack/video_replay/2/29
Dev_files/6_1_30_1 model model 30
Dev_files/6_1_30_2 model model attack/print/1/30
Dev_files/6_1_30_3 model model attack/print/2/30
Dev_files/6_1_30_4 model model attack/video_replay/1/30
Dev_files/6_1_30_5 model model attack/video_replay/2/30
Dev_files/6_1_31_1 model model 31
Dev_files/6_1_31_2 model model attack/print/1/31
Dev_files/6_1_31_3 model model attack/print/2/31
Dev_files/6_1_31_4 model model attack/video_replay/1/31
Dev_files/6_1_31_5 model model attack/video_replay/2/31
Dev_files/6_1_32_1 model model 32
Dev_files/6_1_32_2 model model attack/print/1/32
Dev_files/6_1_32_3 model model attack/print/2/32
Dev_files/6_1_32_4 model model attack/video_replay/1/32
Dev_files/6_1_32_5 model model attack/video_replay/2/32
Dev_files/6_1_33_1 model model 33
Dev_files/6_1_33_2 model model attack/print/1/33
Dev_files/6_1_33_3 model model attack/print/2/33
Dev_files/6_1_33_4 model model attack/video_replay/1/33
Dev_files/6_1_33_5 model model attack/video_replay/2/33
Dev_files/6_1_34_1 model model 34
Dev_files/6_1_34_2 model model attack/print/1/34
Dev_files/6_1_34_3 model model attack/print/2/34
Dev_files/6_1_34_4 model model attack/video_replay/1/34
Dev_files/6_1_34_5 model model attack/video_replay/2/34
Dev_files/6_1_35_1 model model 35
Dev_files/6_1_35_2 model model attack/print/1/35
Dev_files/6_1_35_3 model model attack/print/2/35
Dev_files/6_1_35_4 model model attack/video_replay/1/35
Dev_files/6_1_35_5 model model attack/video_replay/2/35
Dev_files/6_2_21_1 model model 21
Dev_files/6_2_21_2 model model attack/print/1/21
Dev_files/6_2_21_3 model model attack/print/2/21
Dev_files/6_2_21_4 model model attack/video_replay/1/21
Dev_files/6_2_21_5 model model attack/video_replay/2/21
Dev_files/6_2_22_1 model model 22
Dev_files/6_2_22_2 model model attack/print/1/22
Dev_files/6_2_22_3 model model attack/print/2/22
Dev_files/6_2_22_4 model model attack/video_replay/1/22
Dev_files/6_2_22_5 model model attack/video_replay/2/22
Dev_files/6_2_23_1 model model 23
Dev_files/6_2_23_2 model model attack/print/1/23
Dev_files/6_2_23_3 model model attack/print/2/23
Dev_files/6_2_23_4 model model attack/video_replay/1/23
Dev_files/6_2_23_5 model model attack/video_replay/2/23
Dev_files/6_2_24_1 model model 24
Dev_files/6_2_24_2 model model attack/print/1/24
Dev_files/6_2_24_3 model model attack/print/2/24
Dev_files/6_2_24_4 model model attack/video_replay/1/24
Dev_files/6_2_24_5 model model attack/video_replay/2/24
Dev_files/6_2_25_1 model model 25
Dev_files/6_2_25_2 model model attack/print/1/25
Dev_files/6_2_25_3 model model attack/print/2/25
Dev_files/6_2_25_4 model model attack/video_replay/1/25
Dev_files/6_2_25_5 model model attack/video_replay/2/25
Dev_files/6_2_26_1 model model 26
Dev_files/6_2_26_2 model model attack/print/1/26
Dev_files/6_2_26_3 model model attack/print/2/26
Dev_files/6_2_26_4 model model attack/video_replay/1/26
Dev_files/6_2_26_5 model model attack/video_replay/2/26
Dev_files/6_2_27_1 model model 27
Dev_files/6_2_27_2 model model attack/print/1/27
Dev_files/6_2_27_3 model model attack/print/2/27
Dev_files/6_2_27_4 model model attack/video_replay/1/27
Dev_files/6_2_27_5 model model attack/video_replay/2/27
Dev_files/6_2_28_1 model model 28
Dev_files/6_2_28_2 model model attack/print/1/28
Dev_files/6_2_28_3 model model attack/print/2/28
Dev_files/6_2_28_4 model model attack/video_replay/1/28
Dev_files/6_2_28_5 model model attack/video_replay/2/28
Dev_files/6_2_29_1 model model 29
Dev_files/6_2_29_2 model model attack/print/1/29
Dev_files/6_2_29_3 model model attack/print/2/29
Dev_files/6_2_29_4 model model attack/video_replay/1/29
Dev_files/6_2_29_5 model model attack/video_replay/2/29
Dev_files/6_2_30_1 model model 30
Dev_files/6_2_30_2 model model attack/print/1/30
Dev_files/6_2_30_3 model model attack/print/2/30
Dev_files/6_2_30_4 model model attack/video_replay/1/30
Dev_files/6_2_30_5 model model attack/video_replay/2/30
Dev_files/6_2_31_1 model model 31
Dev_files/6_2_31_2 model model attack/print/1/31
Dev_files/6_2_31_3 model model attack/print/2/31
Dev_files/6_2_31_4 model model attack/video_replay/1/31
Dev_files/6_2_31_5 model model attack/video_replay/2/31
Dev_files/6_2_32_1 model model 32
Dev_files/6_2_32_2 model model attack/print/1/32
Dev_files/6_2_32_3 model model attack/print/2/32
Dev_files/6_2_32_4 model model attack/video_replay/1/32
Dev_files/6_2_32_5 model model attack/video_replay/2/32
Dev_files/6_2_33_1 model model 33
Dev_files/6_2_33_2 model model attack/print/1/33
Dev_files/6_2_33_3 model model attack/print/2/33
Dev_files/6_2_33_4 model model attack/video_replay/1/33
Dev_files/6_2_33_5 model model attack/video_replay/2/33
Dev_files/6_2_34_1 model model 34
Dev_files/6_2_34_2 model model attack/print/1/34
Dev_files/6_2_34_3 model model attack/print/2/34
Dev_files/6_2_34_4 model model attack/video_replay/1/34
Dev_files/6_2_34_5 model model attack/video_replay/2/34
Dev_files/6_2_35_1 model model 35
Dev_files/6_2_35_2 model model attack/print/1/35
Dev_files/6_2_35_3 model model attack/print/2/35
Dev_files/6_2_35_4 model model attack/video_replay/1/35
Dev_files/6_2_35_5 model model attack/video_replay/2/35
Dev_files/6_3_21_1 model model 21
Dev_files/6_3_21_2 model model attack/print/1/21
Dev_files/6_3_21_3 model model attack/print/2/21
Dev_files/6_3_21_4 model model attack/video_replay/1/21
Dev_files/6_3_21_5 model model attack/video_replay/2/21
Dev_files/6_3_22_1 model model 22
Dev_files/6_3_22_2 model model attack/print/1/22
Dev_files/6_3_22_3 model model attack/print/2/22
Dev_files/6_3_22_4 model model attack/video_replay/1/22
Dev_files/6_3_22_5 model model attack/video_replay/2/22
Dev_files/6_3_23_1 model model 23
Dev_files/6_3_23_2 model model attack/print/1/23
Dev_files/6_3_23_3 model model attack/print/2/23
Dev_files/6_3_23_4 model model attack/video_replay/1/23
Dev_files/6_3_23_5 model model attack/video_replay/2/23
Dev_files/6_3_24_1 model model 24
Dev_files/6_3_24_2 model model attack/print/1/24
Dev_files/6_3_24_3 model model attack/print/2/24
Dev_files/6_3_24_4 model model attack/video_replay/1/24
Dev_files/6_3_24_5 model model attack/video_replay/2/24
Dev_files/6_3_25_1 model model 25
Dev_files/6_3_25_2 model model attack/print/1/25
Dev_files/6_3_25_3 model model attack/print/2/25
Dev_files/6_3_25_4 model model attack/video_replay/1/25
Dev_files/6_3_25_5 model model attack/video_replay/2/25
Dev_files/6_3_26_1 model model 26
Dev_files/6_3_26_2 model model attack/print/1/26
Dev_files/6_3_26_3 model model attack/print/2/26
Dev_files/6_3_26_4 model model attack/video_replay/1/26
Dev_files/6_3_26_5 model model attack/video_replay/2/26
Dev_files/6_3_27_1 model model 27
Dev_files/6_3_27_2 model model attack/print/1/27
Dev_files/6_3_27_3 model model attack/print/2/27
Dev_files/6_3_27_4 model model attack/video_replay/1/27
Dev_files/6_3_27_5 model model attack/video_replay/2/27
Dev_files/6_3_28_1 model model 28
Dev_files/6_3_28_2 model model attack/print/1/28
Dev_files/6_3_28_3 model model attack/print/2/28
Dev_files/6_3_28_4 model model attack/video_replay/1/28
Dev_files/6_3_28_5 model model attack/video_replay/2/28
Dev_files/6_3_29_1 model model 29
Dev_files/6_3_29_2 model model attack/print/1/29
Dev_files/6_3_29_3 model model attack/print/2/29
Dev_files/6_3_29_4 model model attack/video_replay/1/29
Dev_files/6_3_29_5 model model attack/video_replay/2/29
Dev_files/6_3_30_1 model model 30
Dev_files/6_3_30_2 model model attack/print/1/30
Dev_files/6_3_30_3 model model attack/print/2/30
Dev_files/6_3_30_4 model model attack/video_replay/1/30
Dev_files/6_3_30_5 model model attack/video_replay/2/30
Dev_files/6_3_31_1 model model 31
Dev_files/6_3_31_2 model model attack/print/1/31
Dev_files/6_3_31_3 model model attack/print/2/31
Dev_files/6_3_31_4 model model attack/video_replay/1/31
Dev_files/6_3_31_5 model model attack/video_replay/2/31
Dev_files/6_3_32_1 model model 32
Dev_files/6_3_32_2 model model attack/print/1/32
Dev_files/6_3_32_3 model model attack/print/2/32
Dev_files/6_3_32_4 model model attack/video_replay/1/32
Dev_files/6_3_32_5 model model attack/video_replay/2/32
Dev_files/6_3_33_1 model model 33
Dev_files/6_3_33_2 model model attack/print/1/33
Dev_files/6_3_33_3 model model attack/print/2/33
Dev_files/6_3_33_4 model model attack/video_replay/1/33
Dev_files/6_3_33_5 model model attack/video_replay/2/33
Dev_files/6_3_34_1 model model 34
Dev_files/6_3_34_2 model model attack/print/1/34
Dev_files/6_3_34_3 model model attack/print/2/34
Dev_files/6_3_34_4 model model attack/video_replay/1/34
Dev_files/6_3_34_5 model model attack/video_replay/2/34
Dev_files/6_3_35_1 model model 35
Dev_files/6_3_35_2 model model attack/print/1/35
Dev_files/6_3_35_3 model model attack/print/2/35
Dev_files/6_3_35_4 model model attack/video_replay/1/35
Dev_files/6_3_35_5 model model attack/video_replay/2/35
