OULU_NPU_Part_1/Files_1/1_1_21_1 model model 21
OULU_NPU_Part_1/Files_1/1_1_21_2 model model attack/print1/21
OULU_NPU_Part_1/Files_1/1_1_21_4 model model attack/video_replay1/21
OULU_NPU_Part_1/Files_1/1_1_22_1 model model 22
OULU_NPU_Part_1/Files_1/1_1_22_2 model model attack/print1/22
OULU_NPU_Part_1/Files_1/1_1_22_4 model model attack/video_replay1/22
OULU_NPU_Part_1/Files_1/1_1_23_1 model model 23
OULU_NPU_Part_1/Files_1/1_1_23_2 model model attack/print1/23
OULU_NPU_Part_1/Files_1/1_1_23_4 model model attack/video_replay1/23
OULU_NPU_Part_1/Files_1/1_1_24_1 model model 24
OULU_NPU_Part_1/Files_1/1_1_24_2 model model attack/print1/24
OULU_NPU_Part_1/Files_1/1_1_24_4 model model attack/video_replay1/24
OULU_NPU_Part_1/Files_1/1_1_25_1 model model 25
OULU_NPU_Part_1/Files_1/1_1_25_2 model model attack/print1/25
OULU_NPU_Part_1/Files_1/1_1_25_4 model model attack/video_replay1/25
OULU_NPU_Part_1/Files_1/1_1_26_1 model model 26
OULU_NPU_Part_1/Files_1/1_1_26_2 model model attack/print1/26
OULU_NPU_Part_1/Files_1/1_1_26_4 model model attack/video_replay1/26
OULU_NPU_Part_1/Files_1/1_1_27_1 model model 27
OULU_NPU_Part_1/Files_1/1_1_27_2 model model attack/print1/27
OULU_NPU_Part_1/Files_1/1_1_27_4 model model attack/video_replay1/27
OULU_NPU_Part_1/Files_1/1_1_28_1 model model 28
OULU_NPU_Part_1/Files_1/1_1_28_2 model model attack/print1/28
OULU_NPU_Part_1/Files_1/1_1_28_4 model model attack/video_replay1/28
OULU_NPU_Part_1/Files_1/1_1_29_1 model model 29
OULU_NPU_Part_1/Files_1/1_1_29_2 model model attack/print1/29
OULU_NPU_Part_1/Files_1/1_1_29_4 model model attack/video_replay1/29
OULU_NPU_Part_1/Files_1/1_1_30_1 model model 30
OULU_NPU_Part_1/Files_1/1_1_30_2 model model attack/print1/30
OULU_NPU_Part_1/Files_1/1_1_30_4 model model attack/video_replay1/30
OULU_NPU_Part_1/Files_1/1_1_31_1 model model 31
OULU_NPU_Part_1/Files_1/1_1_31_2 model model attack/print1/31
OULU_NPU_Part_1/Files_1/1_1_31_4 model model attack/video_replay1/31
OULU_NPU_Part_1/Files_1/1_1_32_1 model model 32
OULU_NPU_Part_1/Files_1/1_1_32_2 model model attack/print1/32
OULU_NPU_Part_1/Files_1/1_1_32_4 model model attack/video_replay1/32
OULU_NPU_Part_1/Files_1/1_1_33_1 model model 33
OULU_NPU_Part_1/Files_1/1_1_33_2 model model attack/print1/33
OULU_NPU_Part_1/Files_1/1_1_33_4 model model attack/video_replay1/33
OULU_NPU_Part_1/Files_1/1_1_34_1 model model 34
OULU_NPU_Part_1/Files_1/1_1_34_2 model model attack/print1/34
OULU_NPU_Part_1/Files_1/1_1_34_4 model model attack/video_replay1/34
OULU_NPU_Part_1/Files_1/1_1_35_1 model model 35
OULU_NPU_Part_1/Files_1/1_1_35_2 model model attack/print1/35
OULU_NPU_Part_1/Files_1/1_1_35_4 model model attack/video_replay1/35
OULU_NPU_Part_1/Files_1/1_2_21_1 model model 21
OULU_NPU_Part_1/Files_1/1_2_21_2 model model attack/print1/21
OULU_NPU_Part_1/Files_1/1_2_21_4 model model attack/video_replay1/21
OULU_NPU_Part_1/Files_1/1_2_22_1 model model 22
OULU_NPU_Part_1/Files_1/1_2_22_2 model model attack/print1/22
OULU_NPU_Part_1/Files_1/1_2_22_4 model model attack/video_replay1/22
OULU_NPU_Part_1/Files_1/1_2_23_1 model model 23
OULU_NPU_Part_1/Files_1/1_2_23_2 model model attack/print1/23
OULU_NPU_Part_1/Files_1/1_2_23_4 model model attack/video_replay1/23
OULU_NPU_Part_1/Files_1/1_2_24_1 model model 24
OULU_NPU_Part_1/Files_1/1_2_24_2 model model attack/print1/24
OULU_NPU_Part_1/Files_1/1_2_24_4 model model attack/video_replay1/24
OULU_NPU_Part_1/Files_1/1_2_25_1 model model 25
OULU_NPU_Part_1/Files_1/1_2_25_2 model model attack/print1/25
OULU_NPU_Part_1/Files_1/1_2_25_4 model model attack/video_replay1/25
OULU_NPU_Part_1/Files_1/1_2_26_1 model model 26
OULU_NPU_Part_1/Files_1/1_2_26_2 model model attack/print1/26
OULU_NPU_Part_1/Files_1/1_2_26_4 model model attack/video_replay1/26
OULU_NPU_Part_1/Files_1/1_2_27_1 model model 27
OULU_NPU_Part_1/Files_1/1_2_27_2 model model attack/print1/27
OULU_NPU_Part_1/Files_1/1_2_27_4 model model attack/video_replay1/27
OULU_NPU_Part_1/Files_1/1_2_28_1 model model 28
OULU_NPU_Part_1/Files_1/1_2_28_2 model model attack/print1/28
OULU_NPU_Part_1/Files_1/1_2_28_4 model model attack/video_replay1/28
OULU_NPU_Part_1/Files_1/1_2_29_1 model model 29
OULU_NPU_Part_1/Files_1/1_2_29_2 model model attack/print1/29
OULU_NPU_Part_1/Files_1/1_2_29_4 model model attack/video_replay1/29
OULU_NPU_Part_1/Files_1/1_2_30_1 model model 30
OULU_NPU_Part_1/Files_1/1_2_30_2 model model attack/print1/30
OULU_NPU_Part_1/Files_1/1_2_30_4 model model attack/video_replay1/30
OULU_NPU_Part_1/Files_1/1_2_31_1 model model 31
OULU_NPU_Part_1/Files_1/1_2_31_2 model model attack/print1/31
OULU_NPU_Part_1/Files_1/1_2_31_4 model model attack/video_replay1/31
OULU_NPU_Part_1/Files_1/1_2_32_1 model model 32
OULU_NPU_Part_1/Files_1/1_2_32_2 model model attack/print1/32
OULU_NPU_Part_1/Files_1/1_2_32_4 model model attack/video_replay1/32
OULU_NPU_Part_1/Files_1/1_2_33_1 model model 33
OULU_NPU_Part_1/Files_1/1_2_33_2 model model attack/print1/33
OULU_NPU_Part_1/Files_1/1_2_33_4 model model attack/video_replay1/33
OULU_NPU_Part_1/Files_1/1_2_34_1 model model 34
OULU_NPU_Part_1/Files_1/1_2_34_2 model model attack/print1/34
OULU_NPU_Part_1/Files_1/1_2_34_4 model model attack/video_replay1/34
OULU_NPU_Part_1/Files_1/1_2_35_1 model model 35
OULU_NPU_Part_1/Files_1/1_2_35_2 model model attack/print1/35
OULU_NPU_Part_1/Files_1/1_2_35_4 model model attack/video_replay1/35
OULU_NPU_Part_1/Files_1/2_1_21_1 model model 21
OULU_NPU_Part_1/Files_1/2_1_21_2 model model attack/print1/21
OULU_NPU_Part_1/Files_1/2_1_21_4 model model attack/video_replay1/21
OULU_NPU_Part_1/Files_1/2_1_22_1 model model 22
OULU_NPU_Part_1/Files_1/2_1_22_2 model model attack/print1/22
OULU_NPU_Part_1/Files_1/2_1_22_4 model model attack/video_replay1/22
OULU_NPU_Part_1/Files_1/2_1_23_1 model model 23
OULU_NPU_Part_1/Files_1/2_1_23_2 model model attack/print1/23
OULU_NPU_Part_1/Files_1/2_1_23_4 model model attack/video_replay1/23
OULU_NPU_Part_1/Files_1/2_1_24_1 model model 24
OULU_NPU_Part_1/Files_1/2_1_24_2 model model attack/print1/24
OULU_NPU_Part_1/Files_1/2_1_24_4 model model attack/video_replay1/24
OULU_NPU_Part_1/Files_1/2_1_25_1 model model 25
OULU_NPU_Part_1/Files_1/2_1_25_2 model model attack/print1/25
OULU_NPU_Part_1/Files_1/2_1_25_4 model model attack/video_replay1/25
OULU_NPU_Part_1/Files_1/2_1_26_1 model model 26
OULU_NPU_Part_1/Files_1/2_1_26_2 model model attack/print1/26
OULU_NPU_Part_1/Files_1/2_1_26_4 model model attack/video_replay1/26
OULU_NPU_Part_1/Files_1/2_1_27_1 model model 27
OULU_NPU_Part_1/Files_1/2_1_27_2 model model attack/print1/27
OULU_NPU_Part_1/Files_1/2_1_27_4 model model attack/video_replay1/27
OULU_NPU_Part_1/Files_1/2_1_28_1 model model 28
OULU_NPU_Part_1/Files_1/2_1_28_2 model model attack/print1/28
OULU_NPU_Part_1/Files_1/2_1_28_4 model model attack/video_replay1/28
OULU_NPU_Part_1/Files_1/2_1_29_1 model model 29
OULU_NPU_Part_1/Files_1/2_1_29_2 model model attack/print1/29
OULU_NPU_Part_1/Files_1/2_1_29_4 model model attack/video_replay1/29
OULU_NPU_Part_1/Files_1/2_1_30_1 model model 30
OULU_NPU_Part_1/Files_1/2_1_30_2 model model attack/print1/30
OULU_NPU_Part_1/Files_1/2_1_30_4 model model attack/video_replay1/30
OULU_NPU_Part_1/Files_1/2_1_31_1 model model 31
OULU_NPU_Part_1/Files_1/2_1_31_2 model model attack/print1/31
OULU_NPU_Part_1/Files_1/2_1_31_4 model model attack/video_replay1/31
OULU_NPU_Part_1/Files_1/2_1_32_1 model model 32
OULU_NPU_Part_1/Files_1/2_1_32_2 model model attack/print1/32
OULU_NPU_Part_1/Files_1/2_1_32_4 model model attack/video_replay1/32
OULU_NPU_Part_1/Files_1/2_1_33_1 model model 33
OULU_NPU_Part_1/Files_1/2_1_33_2 model model attack/print1/33
OULU_NPU_Part_1/Files_1/2_1_33_4 model model attack/video_replay1/33
OULU_NPU_Part_1/Files_1/2_1_34_1 model model 34
OULU_NPU_Part_1/Files_1/2_1_34_2 model model attack/print1/34
OULU_NPU_Part_1/Files_1/2_1_34_4 model model attack/video_replay1/34
OULU_NPU_Part_1/Files_1/2_1_35_1 model model 35
OULU_NPU_Part_1/Files_1/2_1_35_2 model model attack/print1/35
OULU_NPU_Part_1/Files_1/2_1_35_4 model model attack/video_replay1/35
OULU_NPU_Part_1/Files_1/2_2_21_1 model model 21
OULU_NPU_Part_1/Files_1/2_2_21_2 model model attack/print1/21
OULU_NPU_Part_1/Files_1/2_2_21_4 model model attack/video_replay1/21
OULU_NPU_Part_1/Files_1/2_2_22_1 model model 22
OULU_NPU_Part_1/Files_1/2_2_22_2 model model attack/print1/22
OULU_NPU_Part_1/Files_1/2_2_22_4 model model attack/video_replay1/22
OULU_NPU_Part_1/Files_1/2_2_23_1 model model 23
OULU_NPU_Part_1/Files_1/2_2_23_2 model model attack/print1/23
OULU_NPU_Part_1/Files_1/2_2_23_4 model model attack/video_replay1/23
OULU_NPU_Part_1/Files_1/2_2_24_1 model model 24
OULU_NPU_Part_1/Files_1/2_2_24_2 model model attack/print1/24
OULU_NPU_Part_1/Files_1/2_2_24_4 model model attack/video_replay1/24
OULU_NPU_Part_1/Files_1/2_2_25_1 model model 25
OULU_NPU_Part_1/Files_1/2_2_25_2 model model attack/print1/25
OULU_NPU_Part_1/Files_1/2_2_25_4 model model attack/video_replay1/25
OULU_NPU_Part_1/Files_1/2_2_26_1 model model 26
OULU_NPU_Part_1/Files_1/2_2_26_2 model model attack/print1/26
OULU_NPU_Part_1/Files_1/2_2_26_4 model model attack/video_replay1/26
OULU_NPU_Part_1/Files_1/2_2_27_1 model model 27
OULU_NPU_Part_1/Files_1/2_2_27_2 model model attack/print1/27
OULU_NPU_Part_1/Files_1/2_2_27_4 model model attack/video_replay1/27
OULU_NPU_Part_1/Files_1/2_2_28_1 model model 28
OULU_NPU_Part_1/Files_1/2_2_28_2 model model attack/print1/28
OULU_NPU_Part_1/Files_1/2_2_28_4 model model attack/video_replay1/28
OULU_NPU_Part_1/Files_1/2_2_29_1 model model 29
OULU_NPU_Part_1/Files_1/2_2_29_2 model model attack/print1/29
OULU_NPU_Part_1/Files_1/2_2_29_4 model model attack/video_replay1/29
OULU_NPU_Part_1/Files_1/2_2_30_1 model model 30
OULU_NPU_Part_1/Files_1/2_2_30_2 model model attack/print1/30
OULU_NPU_Part_1/Files_1/2_2_30_4 model model attack/video_replay1/30
OULU_NPU_Part_1/Files_1/2_2_31_1 model model 31
OULU_NPU_Part_1/Files_1/2_2_31_2 model model attack/print1/31
OULU_NPU_Part_1/Files_1/2_2_31_4 model model attack/video_replay1/31
OULU_NPU_Part_1/Files_1/2_2_32_1 model model 32
OULU_NPU_Part_1/Files_1/2_2_32_2 model model attack/print1/32
OULU_NPU_Part_1/Files_1/2_2_32_4 model model attack/video_replay1/32
OULU_NPU_Part_1/Files_1/2_2_33_1 model model 33
OULU_NPU_Part_1/Files_1/2_2_33_2 model model attack/print1/33
OULU_NPU_Part_1/Files_1/2_2_33_4 model model attack/video_replay1/33
OULU_NPU_Part_1/Files_1/2_2_34_1 model model 34
OULU_NPU_Part_1/Files_1/2_2_34_2 model model attack/print1/34
OULU_NPU_Part_1/Files_1/2_2_34_4 model model attack/video_replay1/34
OULU_NPU_Part_1/Files_1/2_2_35_1 model model 35
OULU_NPU_Part_1/Files_1/2_2_35_2 model model attack/print1/35
OULU_NPU_Part_1/Files_1/2_2_35_4 model model attack/video_replay1/35
OULU_NPU_Part_1/Files_1/3_1_21_1 model model 21
OULU_NPU_Part_1/Files_1/3_1_21_2 model model attack/print1/21
OULU_NPU_Part_1/Files_1/3_1_21_4 model model attack/video_replay1/21
OULU_NPU_Part_1/Files_1/3_1_22_1 model model 22
OULU_NPU_Part_1/Files_1/3_1_22_2 model model attack/print1/22
OULU_NPU_Part_1/Files_1/3_1_22_4 model model attack/video_replay1/22
OULU_NPU_Part_1/Files_1/3_1_23_1 model model 23
OULU_NPU_Part_1/Files_1/3_1_23_2 model model attack/print1/23
OULU_NPU_Part_1/Files_1/3_1_23_4 model model attack/video_replay1/23
OULU_NPU_Part_1/Files_1/3_1_24_1 model model 24
OULU_NPU_Part_1/Files_1/3_1_24_2 model model attack/print1/24
OULU_NPU_Part_1/Files_1/3_1_24_4 model model attack/video_replay1/24
OULU_NPU_Part_1/Files_1/3_1_25_1 model model 25
OULU_NPU_Part_1/Files_1/3_1_25_2 model model attack/print1/25
OULU_NPU_Part_1/Files_1/3_1_25_4 model model attack/video_replay1/25
OULU_NPU_Part_1/Files_1/3_1_26_1 model model 26
OULU_NPU_Part_1/Files_1/3_1_26_2 model model attack/print1/26
OULU_NPU_Part_1/Files_1/3_1_26_4 model model attack/video_replay1/26
OULU_NPU_Part_1/Files_1/3_1_27_1 model model 27
OULU_NPU_Part_1/Files_1/3_1_27_2 model model attack/print1/27
OULU_NPU_Part_1/Files_1/3_1_27_4 model model attack/video_replay1/27
OULU_NPU_Part_1/Files_1/3_1_28_1 model model 28
OULU_NPU_Part_1/Files_1/3_1_28_2 model model attack/print1/28
OULU_NPU_Part_1/Files_1/3_1_28_4 model model attack/video_replay1/28
OULU_NPU_Part_1/Files_1/3_1_29_1 model model 29
OULU_NPU_Part_1/Files_1/3_1_29_2 model model attack/print1/29
OULU_NPU_Part_1/Files_1/3_1_29_4 model model attack/video_replay1/29
OULU_NPU_Part_1/Files_1/3_1_30_1 model model 30
OULU_NPU_Part_1/Files_1/3_1_30_2 model model attack/print1/30
OULU_NPU_Part_1/Files_1/3_1_30_4 model model attack/video_replay1/30
OULU_NPU_Part_1/Files_1/3_1_31_1 model model 31
OULU_NPU_Part_1/Files_1/3_1_31_2 model model attack/print1/31
OULU_NPU_Part_1/Files_1/3_1_31_4 model model attack/video_replay1/31
OULU_NPU_Part_1/Files_1/3_1_32_1 model model 32
OULU_NPU_Part_1/Files_1/3_1_32_2 model model attack/print1/32
OULU_NPU_Part_1/Files_1/3_1_32_4 model model attack/video_replay1/32
OULU_NPU_Part_1/Files_1/3_1_33_1 model model 33
OULU_NPU_Part_1/Files_1/3_1_33_2 model model attack/print1/33
OULU_NPU_Part_1/Files_1/3_1_33_4 model model attack/video_replay1/33
OULU_NPU_Part_1/Files_1/3_1_34_1 model model 34
OULU_NPU_Part_1/Files_1/3_1_34_2 model model attack/print1/34
OULU_NPU_Part_1/Files_1/3_1_34_4 model model attack/video_replay1/34
OULU_NPU_Part_1/Files_1/3_1_35_1 model model 35
OULU_NPU_Part_1/Files_1/3_1_35_2 model model attack/print1/35
OULU_NPU_Part_1/Files_1/3_1_35_4 model model attack/video_replay1/35
OULU_NPU_Part_1/Files_1/3_2_21_1 model model 21
OULU_NPU_Part_1/Files_1/3_2_21_2 model model attack/print1/21
OULU_NPU_Part_1/Files_1/3_2_21_4 model model attack/video_replay1/21
OULU_NPU_Part_1/Files_1/3_2_22_1 model model 22
OULU_NPU_Part_1/Files_1/3_2_22_2 model model attack/print1/22
OULU_NPU_Part_1/Files_1/3_2_22_4 model model attack/video_replay1/22
OULU_NPU_Part_1/Files_1/3_2_23_1 model model 23
OULU_NPU_Part_1/Files_1/3_2_23_2 model model attack/print1/23
OULU_NPU_Part_1/Files_1/3_2_23_4 model model attack/video_replay1/23
OULU_NPU_Part_1/Files_1/3_2_24_1 model model 24
OULU_NPU_Part_1/Files_1/3_2_24_2 model model attack/print1/24
OULU_NPU_Part_1/Files_1/3_2_24_4 model model attack/video_replay1/24
OULU_NPU_Part_1/Files_1/3_2_25_1 model model 25
OULU_NPU_Part_1/Files_1/3_2_25_2 model model attack/print1/25
OULU_NPU_Part_1/Files_1/3_2_25_4 model model attack/video_replay1/25
OULU_NPU_Part_1/Files_1/3_2_26_1 model model 26
OULU_NPU_Part_1/Files_1/3_2_26_2 model model attack/print1/26
OULU_NPU_Part_1/Files_1/3_2_26_4 model model attack/video_replay1/26
OULU_NPU_Part_1/Files_1/3_2_27_1 model model 27
OULU_NPU_Part_1/Files_1/3_2_27_2 model model attack/print1/27
OULU_NPU_Part_1/Files_1/3_2_27_4 model model attack/video_replay1/27
OULU_NPU_Part_1/Files_1/3_2_28_1 model model 28
OULU_NPU_Part_1/Files_1/3_2_28_2 model model attack/print1/28
OULU_NPU_Part_1/Files_1/3_2_28_4 model model attack/video_replay1/28
OULU_NPU_Part_1/Files_1/3_2_29_1 model model 29
OULU_NPU_Part_1/Files_1/3_2_29_2 model model attack/print1/29
OULU_NPU_Part_1/Files_1/3_2_29_4 model model attack/video_replay1/29
OULU_NPU_Part_1/Files_1/3_2_30_1 model model 30
OULU_NPU_Part_1/Files_1/3_2_30_2 model model attack/print1/30
OULU_NPU_Part_1/Files_1/3_2_30_4 model model attack/video_replay1/30
OULU_NPU_Part_1/Files_1/3_2_31_1 model model 31
OULU_NPU_Part_1/Files_1/3_2_31_2 model model attack/print1/31
OULU_NPU_Part_1/Files_1/3_2_31_4 model model attack/video_replay1/31
OULU_NPU_Part_1/Files_1/3_2_32_1 model model 32
OULU_NPU_Part_1/Files_1/3_2_32_2 model model attack/print1/32
OULU_NPU_Part_1/Files_1/3_2_32_4 model model attack/video_replay1/32
OULU_NPU_Part_1/Files_1/3_2_33_1 model model 33
OULU_NPU_Part_1/Files_1/3_2_33_2 model model attack/print1/33
OULU_NPU_Part_1/Files_1/3_2_33_4 model model attack/video_replay1/33
OULU_NPU_Part_1/Files_1/3_2_34_1 model model 34
OULU_NPU_Part_1/Files_1/3_2_34_2 model model attack/print1/34
OULU_NPU_Part_1/Files_1/3_2_34_4 model model attack/video_replay1/34
OULU_NPU_Part_1/Files_1/3_2_35_1 model model 35
OULU_NPU_Part_1/Files_1/3_2_35_2 model model attack/print1/35
OULU_NPU_Part_1/Files_1/3_2_35_4 model model attack/video_replay1/35
OULU_NPU_Part_1/Files_1/4_1_21_1 model model 21
OULU_NPU_Part_1/Files_1/4_1_21_2 model model attack/print1/21
OULU_NPU_Part_1/Files_1/4_1_21_4 model model attack/video_replay1/21
OULU_NPU_Part_1/Files_1/4_1_22_1 model model 22
OULU_NPU_Part_1/Files_1/4_1_22_2 model model attack/print1/22
OULU_NPU_Part_1/Files_1/4_1_22_4 model model attack/video_replay1/22
OULU_NPU_Part_1/Files_1/4_1_23_1 model model 23
OULU_NPU_Part_1/Files_1/4_1_23_2 model model attack/print1/23
OULU_NPU_Part_1/Files_1/4_1_23_4 model model attack/video_replay1/23
OULU_NPU_Part_1/Files_1/4_1_24_1 model model 24
OULU_NPU_Part_1/Files_1/4_1_24_2 model model attack/print1/24
OULU_NPU_Part_1/Files_1/4_1_24_4 model model attack/video_replay1/24
OULU_NPU_Part_1/Files_1/4_1_25_1 model model 25
OULU_NPU_Part_1/Files_1/4_1_25_2 model model attack/print1/25
OULU_NPU_Part_1/Files_1/4_1_25_4 model model attack/video_replay1/25
OULU_NPU_Part_1/Files_1/4_1_26_1 model model 26
OULU_NPU_Part_1/Files_1/4_1_26_2 model model attack/print1/26
OULU_NPU_Part_1/Files_1/4_1_26_4 model model attack/video_replay1/26
OULU_NPU_Part_1/Files_1/4_1_27_1 model model 27
OULU_NPU_Part_1/Files_1/4_1_27_2 model model attack/print1/27
OULU_NPU_Part_1/Files_1/4_1_27_4 model model attack/video_replay1/27
OULU_NPU_Part_1/Files_1/4_1_28_1 model model 28
OULU_NPU_Part_1/Files_1/4_1_28_2 model model attack/print1/28
OULU_NPU_Part_1/Files_1/4_1_28_4 model model attack/video_replay1/28
OULU_NPU_Part_1/Files_1/4_1_29_1 model model 29
OULU_NPU_Part_1/Files_1/4_1_29_2 model model attack/print1/29
OULU_NPU_Part_1/Files_1/4_1_29_4 model model attack/video_replay1/29
OULU_NPU_Part_1/Files_1/4_1_30_1 model model 30
OULU_NPU_Part_1/Files_1/4_1_30_2 model model attack/print1/30
OULU_NPU_Part_1/Files_1/4_1_30_4 model model attack/video_replay1/30
OULU_NPU_Part_1/Files_1/4_1_31_1 model model 31
OULU_NPU_Part_1/Files_1/4_1_31_2 model model attack/print1/31
OULU_NPU_Part_1/Files_1/4_1_31_4 model model attack/video_replay1/31
OULU_NPU_Part_1/Files_1/4_1_32_1 model model 32
OULU_NPU_Part_1/Files_1/4_1_32_2 model model attack/print1/32
OULU_NPU_Part_1/Files_1/4_1_32_4 model model attack/video_replay1/32
OULU_NPU_Part_1/Files_1/4_1_33_1 model model 33
OULU_NPU_Part_1/Files_1/4_1_33_2 model model attack/print1/33
OULU_NPU_Part_1/Files_1/4_1_33_4 model model attack/video_replay1/33
OULU_NPU_Part_1/Files_1/4_1_34_1 model model 34
OULU_NPU_Part_1/Files_1/4_1_34_2 model model attack/print1/34
OULU_NPU_Part_1/Files_1/4_1_34_4 model model attack/video_replay1/34
OULU_NPU_Part_1/Files_1/4_1_35_1 model model 35
OULU_NPU_Part_1/Files_1/4_1_35_2 model model attack/print1/35
OULU_NPU_Part_1/Files_1/4_1_35_4 model model attack/video_replay1/35
OULU_NPU_Part_1/Files_1/4_2_21_1 model model 21
OULU_NPU_Part_1/Files_1/4_2_21_2 model model attack/print1/21
OULU_NPU_Part_1/Files_1/4_2_21_4 model model attack/video_replay1/21
OULU_NPU_Part_1/Files_1/4_2_22_1 model model 22
OULU_NPU_Part_1/Files_1/4_2_22_2 model model attack/print1/22
OULU_NPU_Part_1/Files_1/4_2_22_4 model model attack/video_replay1/22
OULU_NPU_Part_1/Files_1/4_2_23_1 model model 23
OULU_NPU_Part_1/Files_1/4_2_23_2 model model attack/print1/23
OULU_NPU_Part_1/Files_1/4_2_23_4 model model attack/video_replay1/23
OULU_NPU_Part_1/Files_1/4_2_24_1 model model 24
OULU_NPU_Part_1/Files_1/4_2_24_2 model model attack/print1/24
OULU_NPU_Part_1/Files_1/4_2_24_4 model model attack/video_replay1/24
OULU_NPU_Part_1/Files_1/4_2_25_1 model model 25
OULU_NPU_Part_1/Files_1/4_2_25_2 model model attack/print1/25
OULU_NPU_Part_1/Files_1/4_2_25_4 model model attack/video_replay1/25
OULU_NPU_Part_1/Files_1/4_2_26_1 model model 26
OULU_NPU_Part_1/Files_1/4_2_26_2 model model attack/print1/26
OULU_NPU_Part_1/Files_1/4_2_26_4 model model attack/video_replay1/26
OULU_NPU_Part_1/Files_1/4_2_27_1 model model 27
OULU_NPU_Part_1/Files_1/4_2_27_2 model model attack/print1/27
OULU_NPU_Part_1/Files_1/4_2_27_4 model model attack/video_replay1/27
OULU_NPU_Part_1/Files_1/4_2_28_1 model model 28
OULU_NPU_Part_1/Files_1/4_2_28_2 model model attack/print1/28
OULU_NPU_Part_1/Files_1/4_2_28_4 model model attack/video_replay1/28
OULU_NPU_Part_1/Files_1/4_2_29_1 model model 29
OULU_NPU_Part_1/Files_1/4_2_29_2 model model attack/print1/29
OULU_NPU_Part_1/Files_1/4_2_29_4 model model attack/video_replay1/29
OULU_NPU_Part_1/Files_1/4_2_30_1 model model 30
OULU_NPU_Part_1/Files_1/4_2_30_2 model model attack/print1/30
OULU_NPU_Part_1/Files_1/4_2_30_4 model model attack/video_replay1/30
OULU_NPU_Part_1/Files_1/4_2_31_1 model model 31
OULU_NPU_Part_1/Files_1/4_2_31_2 model model attack/print1/31
OULU_NPU_Part_1/Files_1/4_2_31_4 model model attack/video_replay1/31
OULU_NPU_Part_1/Files_1/4_2_32_1 model model 32
OULU_NPU_Part_1/Files_1/4_2_32_2 model model attack/print1/32
OULU_NPU_Part_1/Files_1/4_2_32_4 model model attack/video_replay1/32
OULU_NPU_Part_1/Files_1/4_2_33_1 model model 33
OULU_NPU_Part_1/Files_1/4_2_33_2 model model attack/print1/33
OULU_NPU_Part_1/Files_1/4_2_33_4 model model attack/video_replay1/33
OULU_NPU_Part_1/Files_1/4_2_34_1 model model 34
OULU_NPU_Part_1/Files_1/4_2_34_2 model model attack/print1/34
OULU_NPU_Part_1/Files_1/4_2_34_4 model model attack/video_replay1/34
OULU_NPU_Part_1/Files_1/4_2_35_1 model model 35
OULU_NPU_Part_1/Files_1/4_2_35_2 model model attack/print1/35
OULU_NPU_Part_1/Files_1/4_2_35_4 model model attack/video_replay1/35
OULU_NPU_Part_1/Files_1/6_1_21_1 model model 21
OULU_NPU_Part_1/Files_1/6_1_21_2 model model attack/print1/21
OULU_NPU_Part_1/Files_1/6_1_21_4 model model attack/video_replay1/21
OULU_NPU_Part_1/Files_1/6_1_22_1 model model 22
OULU_NPU_Part_1/Files_1/6_1_22_2 model model attack/print1/22
OULU_NPU_Part_1/Files_1/6_1_22_4 model model attack/video_replay1/22
OULU_NPU_Part_1/Files_1/6_1_23_1 model model 23
OULU_NPU_Part_1/Files_1/6_1_23_2 model model attack/print1/23
OULU_NPU_Part_1/Files_1/6_1_23_4 model model attack/video_replay1/23
OULU_NPU_Part_1/Files_1/6_1_24_1 model model 24
OULU_NPU_Part_1/Files_1/6_1_24_2 model model attack/print1/24
OULU_NPU_Part_1/Files_1/6_1_24_4 model model attack/video_replay1/24
OULU_NPU_Part_1/Files_1/6_1_25_1 model model 25
OULU_NPU_Part_1/Files_1/6_1_25_2 model model attack/print1/25
OULU_NPU_Part_1/Files_1/6_1_25_4 model model attack/video_replay1/25
OULU_NPU_Part_1/Files_1/6_1_26_1 model model 26
OULU_NPU_Part_1/Files_1/6_1_26_2 model model attack/print1/26
OULU_NPU_Part_1/Files_1/6_1_26_4 model model attack/video_replay1/26
OULU_NPU_Part_1/Files_1/6_1_27_1 model model 27
OULU_NPU_Part_1/Files_1/6_1_27_2 model model attack/print1/27
OULU_NPU_Part_1/Files_1/6_1_27_4 model model attack/video_replay1/27
OULU_NPU_Part_1/Files_1/6_1_28_1 model model 28
OULU_NPU_Part_1/Files_1/6_1_28_2 model model attack/print1/28
OULU_NPU_Part_1/Files_1/6_1_28_4 model model attack/video_replay1/28
OULU_NPU_Part_1/Files_1/6_1_29_1 model model 29
OULU_NPU_Part_1/Files_1/6_1_29_2 model model attack/print1/29
OULU_NPU_Part_1/Files_1/6_1_29_4 model model attack/video_replay1/29
OULU_NPU_Part_1/Files_1/6_1_30_1 model model 30
OULU_NPU_Part_1/Files_1/6_1_30_2 model model attack/print1/30
OULU_NPU_Part_1/Files_1/6_1_30_4 model model attack/video_replay1/30
OULU_NPU_Part_1/Files_1/6_1_31_1 model model 31
OULU_NPU_Part_1/Files_1/6_1_31_2 model model attack/print1/31
OULU_NPU_Part_1/Files_1/6_1_31_4 model model attack/video_replay1/31
OULU_NPU_Part_1/Files_1/6_1_32_1 model model 32
OULU_NPU_Part_1/Files_1/6_1_32_2 model model attack/print1/32
OULU_NPU_Part_1/Files_1/6_1_32_4 model model attack/video_replay1/32
OULU_NPU_Part_1/Files_1/6_1_33_1 model model 33
OULU_NPU_Part_1/Files_1/6_1_33_2 model model attack/print1/33
OULU_NPU_Part_1/Files_1/6_1_33_4 model model attack/video_replay1/33
OULU_NPU_Part_1/Files_1/6_1_34_1 model model 34
OULU_NPU_Part_1/Files_1/6_1_34_2 model model attack/print1/34
OULU_NPU_Part_1/Files_1/6_1_34_4 model model attack/video_replay1/34
OULU_NPU_Part_1/Files_1/6_1_35_1 model model 35
OULU_NPU_Part_1/Files_1/6_1_35_2 model model attack/print1/35
OULU_NPU_Part_1/Files_1/6_1_35_4 model model attack/video_replay1/35
OULU_NPU_Part_1/Files_1/6_2_21_1 model model 21
OULU_NPU_Part_1/Files_1/6_2_21_2 model model attack/print1/21
OULU_NPU_Part_1/Files_1/6_2_21_4 model model attack/video_replay1/21
OULU_NPU_Part_1/Files_1/6_2_22_1 model model 22
OULU_NPU_Part_1/Files_1/6_2_22_2 model model attack/print1/22
OULU_NPU_Part_1/Files_1/6_2_22_4 model model attack/video_replay1/22
OULU_NPU_Part_1/Files_1/6_2_23_1 model model 23
OULU_NPU_Part_1/Files_1/6_2_23_2 model model attack/print1/23
OULU_NPU_Part_1/Files_1/6_2_23_4 model model attack/video_replay1/23
OULU_NPU_Part_1/Files_1/6_2_24_1 model model 24
OULU_NPU_Part_1/Files_1/6_2_24_2 model model attack/print1/24
OULU_NPU_Part_1/Files_1/6_2_24_4 model model attack/video_replay1/24
OULU_NPU_Part_1/Files_1/6_2_25_1 model model 25
OULU_NPU_Part_1/Files_1/6_2_25_2 model model attack/print1/25
OULU_NPU_Part_1/Files_1/6_2_25_4 model model attack/video_replay1/25
OULU_NPU_Part_1/Files_1/6_2_26_1 model model 26
OULU_NPU_Part_1/Files_1/6_2_26_2 model model attack/print1/26
OULU_NPU_Part_1/Files_1/6_2_26_4 model model attack/video_replay1/26
OULU_NPU_Part_1/Files_1/6_2_27_1 model model 27
OULU_NPU_Part_1/Files_1/6_2_27_2 model model attack/print1/27
OULU_NPU_Part_1/Files_1/6_2_27_4 model model attack/video_replay1/27
OULU_NPU_Part_1/Files_1/6_2_28_1 model model 28
OULU_NPU_Part_1/Files_1/6_2_28_2 model model attack/print1/28
OULU_NPU_Part_1/Files_1/6_2_28_4 model model attack/video_replay1/28
OULU_NPU_Part_1/Files_1/6_2_29_1 model model 29
OULU_NPU_Part_1/Files_1/6_2_29_2 model model attack/print1/29
OULU_NPU_Part_1/Files_1/6_2_29_4 model model attack/video_replay1/29
OULU_NPU_Part_1/Files_1/6_2_30_1 model model 30
OULU_NPU_Part_1/Files_1/6_2_30_2 model model attack/print1/30
OULU_NPU_Part_1/Files_1/6_2_30_4 model model attack/video_replay1/30
OULU_NPU_Part_1/Files_1/6_2_31_1 model model 31
OULU_NPU_Part_1/Files_1/6_2_31_2 model model attack/print1/31
OULU_NPU_Part_1/Files_1/6_2_31_4 model model attack/video_replay1/31
OULU_NPU_Part_1/Files_1/6_2_32_1 model model 32
OULU_NPU_Part_1/Files_1/6_2_32_2 model model attack/print1/32
OULU_NPU_Part_1/Files_1/6_2_32_4 model model attack/video_replay1/32
OULU_NPU_Part_1/Files_1/6_2_33_1 model model 33
OULU_NPU_Part_1/Files_1/6_2_33_2 model model attack/print1/33
OULU_NPU_Part_1/Files_1/6_2_33_4 model model attack/video_replay1/33
OULU_NPU_Part_1/Files_1/6_2_34_1 model model 34
OULU_NPU_Part_1/Files_1/6_2_34_2 model model attack/print1/34
OULU_NPU_Part_1/Files_1/6_2_34_4 model model attack/video_replay1/34
OULU_NPU_Part_1/Files_1/6_2_35_1 model model 35
OULU_NPU_Part_1/Files_1/6_2_35_2 model model attack/print1/35
OULU_NPU_Part_1/Files_1/6_2_35_4 model model attack/video_replay1/35
